<html>
<body>
<pre>
<h1>µVision Build Log</h1>
<h2>Tool Versions:</h2>
IDE-Version: µVision V5.22.0.0
Copyright (C) 2016 ARM Ltd and ARM Germany GmbH. All rights reserved.
License Information: Kewal Vora, abc, LIC=----
 
Tool Versions:
Toolchain:       MDK-Lite  Version: 5.22
Toolchain Path:  C:\Keil_v5\ARM\ARMCC\Bin
C Compiler:      Armcc.exe V5.06 update 4 (build 422)
Assembler:       Armasm.exe V5.06 update 4 (build 422)
Linker/Locator:  ArmLink.exe V5.06 update 4 (build 422)
Library Manager: ArmAr.exe V5.06 update 4 (build 422)
Hex Converter:   FromElf.exe V5.06 update 4 (build 422)
CPU DLL:         SARMCM3.DLL V5.22
Dialog DLL:      DARMCM1.DLL V1.15.0.0
Target DLL:      UL2CM3.DLL V1.159.0.0
Dialog DLL:      TARMCM1.DLL V1.11.0.0
 
<h2>Project:</h2>
C:\Users\Kewal Vora\Documents\stm_workspace\AES_\AES_software_.uvprojx
Project File Date:  04/19/2017

<h2>Output:</h2>
*** Using Compiler 'V5.06 update 4 (build 422)', folder: 'C:\Keil_v5\ARM\ARMCC\Bin'
Rebuild target 'Target 1'
compiling stdout_USART.c...
compiling utils.c...
compiling main.c...
compiling Buttons_NUCLEO_L053R8.c...
compiling LED_NUCLEO_L053R8.c...
compiling AES.c...
compiling retarget_io.c...
assembling startup_stm32l053xx.s...
compiling system_stm32l0xx.c...
linking...
Program Size: Code=7228 RO-data=8736 RW-data=12 ZI-data=1884  
".\Objects\fault-injector.axf" - 0 Error(s), 0 Warning(s).

<h2>Software Packages used:</h2>

Package Vendor: Keil
                http://www.keil.com/pack/Keil.ARM_Compiler.1.2.0.pack
                Keil.ARM Compiler::Compiler:I/O:STDOUT:User:1.1.0
                Keil ARM Compiler extensions
   * Component: STDOUT Variant: User Version: 1.1.0

Package Vendor: Keil
                http://www.keil.com/pack/Keil.MDK-Middleware.7.3.0.pack
                ::Board Support:LED:1.00 (API)
                Keil MDK-ARM Professional Middleware for ARM Cortex-M based devices
   * Component: LED Version: 1.00
   * Component: Buttons Version: 1.00

Package Vendor: ARM
                http://www.keil.com/pack/ARM.CMSIS.5.0.0.pack
                ARM::CMSIS:CORE:5.0.0
                CMSIS (Cortex Microcontroller Software Interface Standard)
   * Component: CORE Version: 5.0.0

Package Vendor: Keil
                http://www.keil.com/pack/Keil.STM32L0xx_DFP.1.6.0.pack
                Keil::Device:Startup:1.6.0
                STMicroelectronics STM32L0 Series Device Support and Examples
   * Component: Startup Version: 1.6.0

Package Vendor: Keil
                http://www.keil.com/pack/Keil.STM32NUCLEO_BSP.1.6.0.pack
                Keil.NUCLEO-L053R8::Board Support:Buttons:1.0.0
                STMicroelectronics Nucleo Boards Support and Examples
   * Component: Buttons Version: 1.0.0
   * Component: LED Version: 1.0.0

<h2>Collection of Component include folders:</h2>
  C:\Users\Kewal Vora\Documents\stm_workspace\AES_\RTE\_Target_1
  C:\Keil_v5\ARM\PACK\ARM\CMSIS\5.0.0\CMSIS\Include
  C:\Keil_v5\ARM\PACK\Keil\MDK-Middleware\7.3.0\Board
  C:\Keil_v5\ARM\PACK\Keil\STM32L0xx_DFP\1.6.0\Device\Include

<h2>Collection of Component Files used:</h2>

   * Component: Keil.ARM Compiler::Compiler:I/O:STDOUT:User:1.1.0
      Source file:   Source\retarget_io.c
      Source file:   Template\stdout_user.c
      Source file:   Template\stdout_display.c
      Source file:   Template\stdout_USART.c

   * Component: ::Board Support:LED:1.00 (API)
      Include file:  Board\Board_LED.h

   * Component: ::Board Support:Buttons:1.00 (API)
      Include file:  Board\Board_Buttons.h

   * Component: ARM::CMSIS:CORE:5.0.0

   * Component: Keil::Device:Startup:1.6.0
      Source file:   Device\Source\system_stm32l0xx.c
      Source file:   Device\Source\ARM\STM32L0xx_OPT.s
      Source file:   Device\Source\ARM\startup_stm32l053xx.s

   * Component: Keil.NUCLEO-L053R8::Board Support:Buttons:1.0.0
      Source file:   Boards\ST\NUCLEO-L053R8\Common\Buttons_NUCLEO_L053R8.c

   * Component: Keil.NUCLEO-L053R8::Board Support:LED:1.0.0
      Source file:   Boards\ST\NUCLEO-L053R8\Common\LED_NUCLEO_L053R8.c
Build Time Elapsed:  00:00:02
</pre>
</body>
</html>
