Component: ARM Compiler 5.06 update 4 (build 422) Tool: armlink [4d35d2]

==============================================================================

Section Cross References

    main.o(i.main) refers to main.o(i.SystemClock_Config) for SystemClock_Config
    main.o(i.main) refers to utils.o(i.ConfigureRNG) for ConfigureRNG
    main.o(i.main) refers to utils.o(i.mystdout_init) for mystdout_init
    main.o(i.main) refers to utils.o(i.getrn) for getrn
    main.o(i.main) refers to main.o(i.delayCycles) for delayCycles
    led_nucleo_l053r8.o(i.LED_Off) refers to led_nucleo_l053r8.o(.constdata) for led_mask
    led_nucleo_l053r8.o(i.LED_On) refers to led_nucleo_l053r8.o(.constdata) for led_mask
    led_nucleo_l053r8.o(i.LED_SetOut) refers to led_nucleo_l053r8.o(i.LED_On) for LED_On
    led_nucleo_l053r8.o(i.LED_SetOut) refers to led_nucleo_l053r8.o(i.LED_Off) for LED_Off
    retarget_io.o(i._sys_open) refers to strcmp.o(.text) for strcmp
    retarget_io.o(i._sys_write) refers to stdout_usart.o(i.stdout_putchar) for stdout_putchar
    startup_stm32l053xx.o(STACK) refers (Special) to heapauxi.o(.text) for __use_two_region_memory
    startup_stm32l053xx.o(HEAP) refers (Special) to heapauxi.o(.text) for __use_two_region_memory
    startup_stm32l053xx.o(RESET) refers (Special) to heapauxi.o(.text) for __use_two_region_memory
    startup_stm32l053xx.o(RESET) refers to startup_stm32l053xx.o(STACK) for __initial_sp
    startup_stm32l053xx.o(RESET) refers to startup_stm32l053xx.o(.text) for Reset_Handler
    startup_stm32l053xx.o(RESET) refers to main.o(i.NMI_Handler) for NMI_Handler
    startup_stm32l053xx.o(RESET) refers to main.o(i.HardFault_Handler) for HardFault_Handler
    startup_stm32l053xx.o(RESET) refers to main.o(i.SVC_Handler) for SVC_Handler
    startup_stm32l053xx.o(RESET) refers to main.o(i.PendSV_Handler) for PendSV_Handler
    startup_stm32l053xx.o(.text) refers (Special) to heapauxi.o(.text) for __use_two_region_memory
    startup_stm32l053xx.o(.text) refers to system_stm32l0xx.o(i.SystemInit) for SystemInit
    startup_stm32l053xx.o(.text) refers to __main.o(!!!main) for __main
    startup_stm32l053xx.o(.text) refers to startup_stm32l053xx.o(HEAP) for Heap_Mem
    startup_stm32l053xx.o(.text) refers to startup_stm32l053xx.o(STACK) for Stack_Mem
    system_stm32l0xx.o(i.SystemCoreClockUpdate) refers to aeabi_sdiv.o(.text) for __aeabi_uidivmod
    system_stm32l0xx.o(i.SystemCoreClockUpdate) refers to system_stm32l0xx.o(.data) for SystemCoreClock
    system_stm32l0xx.o(i.SystemCoreClockUpdate) refers to system_stm32l0xx.o(.constdata) for PLLMulTable
    __main.o(!!!main) refers to __rtentry.o(.ARM.Collect$$rtentry$$00000000) for __rt_entry
    __rtentry.o(.ARM.Collect$$rtentry$$00000000) refers (Special) to __rtentry2.o(.ARM.Collect$$rtentry$$0000000A) for __rt_entry_li
    __rtentry.o(.ARM.Collect$$rtentry$$00000000) refers (Special) to __rtentry2.o(.ARM.Collect$$rtentry$$0000000D) for __rt_entry_main
    __rtentry.o(.ARM.Collect$$rtentry$$00000000) refers (Special) to __rtentry2.o(.ARM.Collect$$rtentry$$0000000C) for __rt_entry_postli_1
    __rtentry.o(.ARM.Collect$$rtentry$$00000000) refers (Special) to __rtentry2.o(.ARM.Collect$$rtentry$$00000009) for __rt_entry_postsh_1
    __rtentry.o(.ARM.Collect$$rtentry$$00000000) refers (Special) to __rtentry2.o(.ARM.Collect$$rtentry$$00000002) for __rt_entry_presh_1
    __rtentry.o(.ARM.Collect$$rtentry$$00000000) refers (Special) to __rtentry4.o(.ARM.Collect$$rtentry$$00000004) for __rt_entry_sh
    aeabi_idiv0_sigfpe.o(.text) refers to rt_div0.o(.text) for __rt_div0
    __rtentry2.o(.ARM.Collect$$rtentry$$00000008) refers to boardinit2.o(.text) for _platform_post_stackheap_init
    __rtentry2.o(.ARM.Collect$$rtentry$$0000000A) refers to libinit.o(.ARM.Collect$$libinit$$00000000) for __rt_lib_init
    __rtentry2.o(.ARM.Collect$$rtentry$$0000000B) refers to boardinit3.o(.text) for _platform_post_lib_init
    __rtentry2.o(.ARM.Collect$$rtentry$$0000000D) refers to main.o(i.main) for main
    __rtentry2.o(.ARM.Collect$$rtentry$$0000000D) refers to exit.o(.text) for exit
    __rtentry2.o(.ARM.exidx) refers to __rtentry2.o(.ARM.Collect$$rtentry$$00000001) for .ARM.Collect$$rtentry$$00000001
    __rtentry2.o(.ARM.exidx) refers to __rtentry2.o(.ARM.Collect$$rtentry$$00000008) for .ARM.Collect$$rtentry$$00000008
    __rtentry2.o(.ARM.exidx) refers to __rtentry2.o(.ARM.Collect$$rtentry$$0000000A) for .ARM.Collect$$rtentry$$0000000A
    __rtentry2.o(.ARM.exidx) refers to __rtentry2.o(.ARM.Collect$$rtentry$$0000000B) for .ARM.Collect$$rtentry$$0000000B
    __rtentry2.o(.ARM.exidx) refers to __rtentry2.o(.ARM.Collect$$rtentry$$0000000D) for .ARM.Collect$$rtentry$$0000000D
    __rtentry4.o(.ARM.Collect$$rtentry$$00000004) refers to sys_stackheap_outer.o(.text) for __user_setup_stackheap
    __rtentry4.o(.ARM.exidx) refers to __rtentry4.o(.ARM.Collect$$rtentry$$00000004) for .ARM.Collect$$rtentry$$00000004
    rt_div0.o(.text) refers to defsig_fpe_outer.o(.text) for __rt_SIGFPE
    sys_stackheap_outer.o(.text) refers to libspace.o(.text) for __user_perproc_libspace
    sys_stackheap_outer.o(.text) refers to startup_stm32l053xx.o(.text) for __user_initial_stackheap
    sys_stackheap_outer.o(__vectab_stack_and_reset_area) refers to tempstk.o(.text) for __temporary_stack_top
    sys_stackheap_outer.o(__vectab_stack_and_reset_area) refers to __main.o(!!!main) for __main
    exit.o(.text) refers to rtexit.o(.ARM.Collect$$rtexit$$00000000) for __rt_exit
    defsig_fpe_outer.o(.text) refers to defsig_fpe_inner.o(.text) for __rt_SIGFPE_inner
    defsig_fpe_outer.o(.text) refers to defsig_exit.o(.text) for __sig_exit
    defsig_fpe_formal.o(.text) refers to rt_raise.o(.text) for __rt_raise
    libinit.o(.ARM.Collect$$libinit$$00000000) refers (Special) to libinit2.o(.ARM.Collect$$libinit$$0000002E) for __rt_lib_init_alloca_1
    libinit.o(.ARM.Collect$$libinit$$00000000) refers (Special) to libinit2.o(.ARM.Collect$$libinit$$0000002C) for __rt_lib_init_argv_1
    libinit.o(.ARM.Collect$$libinit$$00000000) refers (Special) to libinit2.o(.ARM.Collect$$libinit$$0000001B) for __rt_lib_init_atexit_1
    libinit.o(.ARM.Collect$$libinit$$00000000) refers (Special) to libinit2.o(.ARM.Collect$$libinit$$00000021) for __rt_lib_init_clock_1
    libinit.o(.ARM.Collect$$libinit$$00000000) refers (Special) to libinit2.o(.ARM.Collect$$libinit$$00000032) for __rt_lib_init_cpp_1
    libinit.o(.ARM.Collect$$libinit$$00000000) refers (Special) to libinit2.o(.ARM.Collect$$libinit$$00000030) for __rt_lib_init_exceptions_1
    libinit.o(.ARM.Collect$$libinit$$00000000) refers (Special) to libinit2.o(.ARM.Collect$$libinit$$00000002) for __rt_lib_init_fp_1
    libinit.o(.ARM.Collect$$libinit$$00000000) refers (Special) to libinit2.o(.ARM.Collect$$libinit$$0000001F) for __rt_lib_init_fp_trap_1
    libinit.o(.ARM.Collect$$libinit$$00000000) refers (Special) to libinit2.o(.ARM.Collect$$libinit$$00000023) for __rt_lib_init_getenv_1
    libinit.o(.ARM.Collect$$libinit$$00000000) refers (Special) to libinit2.o(.ARM.Collect$$libinit$$0000000A) for __rt_lib_init_heap_1
    libinit.o(.ARM.Collect$$libinit$$00000000) refers (Special) to libinit2.o(.ARM.Collect$$libinit$$00000011) for __rt_lib_init_lc_collate_1
    libinit.o(.ARM.Collect$$libinit$$00000000) refers (Special) to libinit2.o(.ARM.Collect$$libinit$$00000013) for __rt_lib_init_lc_ctype_1
    libinit.o(.ARM.Collect$$libinit$$00000000) refers (Special) to libinit2.o(.ARM.Collect$$libinit$$00000015) for __rt_lib_init_lc_monetary_1
    libinit.o(.ARM.Collect$$libinit$$00000000) refers (Special) to libinit2.o(.ARM.Collect$$libinit$$00000017) for __rt_lib_init_lc_numeric_1
    libinit.o(.ARM.Collect$$libinit$$00000000) refers (Special) to libinit2.o(.ARM.Collect$$libinit$$00000019) for __rt_lib_init_lc_time_1
    libinit.o(.ARM.Collect$$libinit$$00000000) refers (Special) to libinit2.o(.ARM.Collect$$libinit$$00000004) for __rt_lib_init_preinit_1
    libinit.o(.ARM.Collect$$libinit$$00000000) refers (Special) to libinit2.o(.ARM.Collect$$libinit$$0000000E) for __rt_lib_init_rand_1
    libinit.o(.ARM.Collect$$libinit$$00000000) refers (Special) to libinit2.o(.ARM.Collect$$libinit$$00000033) for __rt_lib_init_return
    libinit.o(.ARM.Collect$$libinit$$00000000) refers (Special) to libinit2.o(.ARM.Collect$$libinit$$0000001D) for __rt_lib_init_signal_1
    libinit.o(.ARM.Collect$$libinit$$00000000) refers (Special) to libinit2.o(.ARM.Collect$$libinit$$00000025) for __rt_lib_init_stdio_1
    libinit.o(.ARM.Collect$$libinit$$00000000) refers (Special) to libinit2.o(.ARM.Collect$$libinit$$0000000C) for __rt_lib_init_user_alloc_1
    libspace.o(.text) refers to libspace.o(.bss) for __libspace_start
    rtexit.o(.ARM.Collect$$rtexit$$00000000) refers (Special) to rtexit2.o(.ARM.Collect$$rtexit$$00000004) for __rt_exit_exit
    rtexit.o(.ARM.Collect$$rtexit$$00000000) refers (Special) to rtexit2.o(.ARM.Collect$$rtexit$$00000003) for __rt_exit_ls
    rtexit.o(.ARM.Collect$$rtexit$$00000000) refers (Special) to rtexit2.o(.ARM.Collect$$rtexit$$00000002) for __rt_exit_prels_1
    rtexit.o(.ARM.exidx) refers (Special) to rtexit2.o(.ARM.Collect$$rtexit$$00000004) for __rt_exit_exit
    rtexit.o(.ARM.exidx) refers (Special) to rtexit2.o(.ARM.Collect$$rtexit$$00000003) for __rt_exit_ls
    rtexit.o(.ARM.exidx) refers (Special) to rtexit2.o(.ARM.Collect$$rtexit$$00000002) for __rt_exit_prels_1
    rtexit.o(.ARM.exidx) refers to rtexit.o(.ARM.Collect$$rtexit$$00000000) for .ARM.Collect$$rtexit$$00000000
    rt_raise.o(.text) refers to __raise.o(.text) for __raise
    rt_raise.o(.text) refers to sys_exit.o(.text) for _sys_exit
    defsig_exit.o(.text) refers to sys_exit.o(.text) for _sys_exit
    defsig_fpe_inner.o(.text) refers to defsig_general.o(.text) for __default_signal_display
    libinit2.o(.ARM.Collect$$libinit$$00000010) refers to libinit2.o(.ARM.Collect$$libinit$$0000000F) for .ARM.Collect$$libinit$$0000000F
    libinit2.o(.ARM.Collect$$libinit$$00000012) refers to libinit2.o(.ARM.Collect$$libinit$$0000000F) for .ARM.Collect$$libinit$$0000000F
    libinit2.o(.ARM.Collect$$libinit$$00000014) refers to libinit2.o(.ARM.Collect$$libinit$$0000000F) for .ARM.Collect$$libinit$$0000000F
    libinit2.o(.ARM.Collect$$libinit$$00000016) refers to libinit2.o(.ARM.Collect$$libinit$$0000000F) for .ARM.Collect$$libinit$$0000000F
    libinit2.o(.ARM.Collect$$libinit$$00000018) refers to libinit2.o(.ARM.Collect$$libinit$$0000000F) for .ARM.Collect$$libinit$$0000000F
    libinit2.o(.ARM.Collect$$libinit$$00000026) refers to argv_veneer.o(.text) for __ARM_argv_veneer
    libinit2.o(.ARM.Collect$$libinit$$00000027) refers to argv_veneer.o(.text) for __ARM_argv_veneer
    sys_exit.o(.text) refers (Special) to use_no_semi.o(.text) for __I$use$semihosting
    sys_exit.o(.text) refers (Special) to indicate_semi.o(.text) for __semihosting_library_function
    rtexit2.o(.ARM.Collect$$rtexit$$00000003) refers to libshutdown.o(.ARM.Collect$$libshutdown$$00000000) for __rt_lib_shutdown
    rtexit2.o(.ARM.Collect$$rtexit$$00000004) refers to sys_exit.o(.text) for _sys_exit
    rtexit2.o(.ARM.exidx) refers to rtexit2.o(.ARM.Collect$$rtexit$$00000001) for .ARM.Collect$$rtexit$$00000001
    rtexit2.o(.ARM.exidx) refers to rtexit2.o(.ARM.Collect$$rtexit$$00000003) for .ARM.Collect$$rtexit$$00000003
    rtexit2.o(.ARM.exidx) refers to rtexit2.o(.ARM.Collect$$rtexit$$00000004) for .ARM.Collect$$rtexit$$00000004
    __raise.o(.text) refers to defsig.o(CL$$defsig) for __default_signal_handler
    defsig_general.o(.text) refers to sys_wrch.o(.text) for _ttywrch
    sys_wrch.o(.text) refers (Special) to use_no_semi.o(.text) for __I$use$semihosting
    sys_wrch.o(.text) refers (Special) to indicate_semi.o(.text) for __semihosting_library_function
    defsig.o(CL$$defsig) refers to defsig_fpe_inner.o(.text) for __rt_SIGFPE_inner
    defsig.o(CL$$defsig) refers to defsig_rtmem_inner.o(.text) for __rt_SIGRTMEM_inner
    _get_argv_nomalloc.o(.text) refers (Special) to hrguard.o(.text) for __heap_region$guard
    _get_argv_nomalloc.o(.text) refers to defsig_rtmem_outer.o(.text) for __rt_SIGRTMEM
    _get_argv_nomalloc.o(.text) refers to sys_command.o(.text) for _sys_command_string
    libshutdown.o(.ARM.Collect$$libshutdown$$00000000) refers (Special) to libshutdown2.o(.ARM.Collect$$libshutdown$$00000002) for __rt_lib_shutdown_cpp_1
    libshutdown.o(.ARM.Collect$$libshutdown$$00000000) refers (Special) to libshutdown2.o(.ARM.Collect$$libshutdown$$00000007) for __rt_lib_shutdown_fp_trap_1
    libshutdown.o(.ARM.Collect$$libshutdown$$00000000) refers (Special) to libshutdown2.o(.ARM.Collect$$libshutdown$$0000000F) for __rt_lib_shutdown_heap_1
    libshutdown.o(.ARM.Collect$$libshutdown$$00000000) refers (Special) to libshutdown2.o(.ARM.Collect$$libshutdown$$00000010) for __rt_lib_shutdown_return
    libshutdown.o(.ARM.Collect$$libshutdown$$00000000) refers (Special) to libshutdown2.o(.ARM.Collect$$libshutdown$$0000000A) for __rt_lib_shutdown_signal_1
    libshutdown.o(.ARM.Collect$$libshutdown$$00000000) refers (Special) to libshutdown2.o(.ARM.Collect$$libshutdown$$00000004) for __rt_lib_shutdown_stdio_1
    libshutdown.o(.ARM.Collect$$libshutdown$$00000000) refers (Special) to libshutdown2.o(.ARM.Collect$$libshutdown$$0000000C) for __rt_lib_shutdown_user_alloc_1
    sys_command.o(.text) refers (Special) to use_no_semi.o(.text) for __I$use$semihosting
    sys_command.o(.text) refers (Special) to indicate_semi.o(.text) for __semihosting_library_function
    defsig_abrt_inner.o(.text) refers to defsig_general.o(.text) for __default_signal_display
    defsig_rtred_inner.o(.text) refers to defsig_general.o(.text) for __default_signal_display
    defsig_rtmem_inner.o(.text) refers to defsig_general.o(.text) for __default_signal_display
    defsig_rtmem_outer.o(.text) refers to defsig_rtmem_inner.o(.text) for __rt_SIGRTMEM_inner
    defsig_rtmem_outer.o(.text) refers to defsig_exit.o(.text) for __sig_exit
    defsig_rtmem_formal.o(.text) refers to rt_raise.o(.text) for __rt_raise
    defsig_stak_inner.o(.text) refers to defsig_general.o(.text) for __default_signal_display
    defsig_pvfn_inner.o(.text) refers to defsig_general.o(.text) for __default_signal_display
    defsig_cppl_inner.o(.text) refers to defsig_general.o(.text) for __default_signal_display
    defsig_segv_inner.o(.text) refers to defsig_general.o(.text) for __default_signal_display
    defsig_other.o(.text) refers to defsig_general.o(.text) for __default_signal_display


==============================================================================

Removing Unused input sections from the image.

    Removing main.o(.rev16_text), (4 bytes).
    Removing main.o(.revsh_text), (4 bytes).
    Removing main.o(.constdata), (8488 bytes).
    Removing utils.o(.rev16_text), (4 bytes).
    Removing utils.o(.revsh_text), (4 bytes).
    Removing utils.o(i.pulse), (20 bytes).
    Removing utils.o(i.stdin_getchar), (28 bytes).
    Removing stdout_usart.o(.rev16_text), (4 bytes).
    Removing stdout_usart.o(.revsh_text), (4 bytes).
    Removing stdout_usart.o(i.stdout_init), (116 bytes).
    Removing stdout_usart.o(i.stdout_putchar), (28 bytes).
    Removing buttons_nucleo_l053r8.o(.rev16_text), (4 bytes).
    Removing buttons_nucleo_l053r8.o(.revsh_text), (4 bytes).
    Removing buttons_nucleo_l053r8.o(i.Buttons_GetCount), (4 bytes).
    Removing buttons_nucleo_l053r8.o(i.Buttons_GetState), (28 bytes).
    Removing buttons_nucleo_l053r8.o(i.Buttons_Initialize), (80 bytes).
    Removing buttons_nucleo_l053r8.o(i.Buttons_Uninitialize), (24 bytes).
    Removing led_nucleo_l053r8.o(.rev16_text), (4 bytes).
    Removing led_nucleo_l053r8.o(.revsh_text), (4 bytes).
    Removing led_nucleo_l053r8.o(i.LED_GetCount), (4 bytes).
    Removing led_nucleo_l053r8.o(i.LED_Initialize), (116 bytes).
    Removing led_nucleo_l053r8.o(i.LED_Off), (36 bytes).
    Removing led_nucleo_l053r8.o(i.LED_On), (36 bytes).
    Removing led_nucleo_l053r8.o(i.LED_SetOut), (42 bytes).
    Removing led_nucleo_l053r8.o(i.LED_Uninitialize), (4 bytes).
    Removing led_nucleo_l053r8.o(.constdata), (4 bytes).
    Removing retarget_io.o(i._sys_close), (44 bytes).
    Removing retarget_io.o(i._sys_flen), (40 bytes).
    Removing retarget_io.o(i._sys_istty), (40 bytes).
    Removing retarget_io.o(i._sys_open), (112 bytes).
    Removing retarget_io.o(i._sys_read), (56 bytes).
    Removing retarget_io.o(i._sys_seek), (48 bytes).
    Removing retarget_io.o(i._sys_write), (68 bytes).
    Removing retarget_io.o(.constdata), (23 bytes).
    Removing system_stm32l0xx.o(.rev16_text), (4 bytes).
    Removing system_stm32l0xx.o(.revsh_text), (4 bytes).
    Removing system_stm32l0xx.o(i.SystemCoreClockUpdate), (272 bytes).
    Removing system_stm32l0xx.o(.constdata), (33 bytes).
    Removing system_stm32l0xx.o(.data), (4 bytes).

39 unused section(s) (total 9846 bytes) removed from the image.

==============================================================================

Memory Map of the image

  Image Entry point : 0x00000000

  Load Region LR_IROM1 (Base: 0x08000000, Size: 0x000004a0, Max: 0x00010000, ABSOLUTE)

    Execution Region ER_IROM1 (Base: 0x08000000, Size: 0x000004a0, Max: 0x00010000, ABSOLUTE)

    Base Addr    Size         Type   Attr      Idx    E Section Name        Object

    0x08000000   0x000000c0   Data   RO          342    RESET               startup_stm32l053xx.o
    0x080000c0   0x00000008   Code   RO          390  * !!!main             c_p.l(__main.o)
    0x080000c8   0x00000002   Code   RO          428    .ARM.Collect$$libinit$$00000000  c_p.l(libinit.o)
    0x080000ca   0x00000000   Code   RO          442    .ARM.Collect$$libinit$$00000002  c_p.l(libinit2.o)
    0x080000ca   0x00000000   Code   RO          444    .ARM.Collect$$libinit$$00000004  c_p.l(libinit2.o)
    0x080000ca   0x00000000   Code   RO          447    .ARM.Collect$$libinit$$0000000A  c_p.l(libinit2.o)
    0x080000ca   0x00000000   Code   RO          449    .ARM.Collect$$libinit$$0000000C  c_p.l(libinit2.o)
    0x080000ca   0x00000000   Code   RO          451    .ARM.Collect$$libinit$$0000000E  c_p.l(libinit2.o)
    0x080000ca   0x00000000   Code   RO          454    .ARM.Collect$$libinit$$00000011  c_p.l(libinit2.o)
    0x080000ca   0x00000000   Code   RO          456    .ARM.Collect$$libinit$$00000013  c_p.l(libinit2.o)
    0x080000ca   0x00000000   Code   RO          458    .ARM.Collect$$libinit$$00000015  c_p.l(libinit2.o)
    0x080000ca   0x00000000   Code   RO          460    .ARM.Collect$$libinit$$00000017  c_p.l(libinit2.o)
    0x080000ca   0x00000000   Code   RO          462    .ARM.Collect$$libinit$$00000019  c_p.l(libinit2.o)
    0x080000ca   0x00000000   Code   RO          464    .ARM.Collect$$libinit$$0000001B  c_p.l(libinit2.o)
    0x080000ca   0x00000000   Code   RO          466    .ARM.Collect$$libinit$$0000001D  c_p.l(libinit2.o)
    0x080000ca   0x00000000   Code   RO          468    .ARM.Collect$$libinit$$0000001F  c_p.l(libinit2.o)
    0x080000ca   0x00000000   Code   RO          470    .ARM.Collect$$libinit$$00000021  c_p.l(libinit2.o)
    0x080000ca   0x00000000   Code   RO          472    .ARM.Collect$$libinit$$00000023  c_p.l(libinit2.o)
    0x080000ca   0x00000000   Code   RO          474    .ARM.Collect$$libinit$$00000025  c_p.l(libinit2.o)
    0x080000ca   0x00000000   Code   RO          478    .ARM.Collect$$libinit$$0000002C  c_p.l(libinit2.o)
    0x080000ca   0x00000000   Code   RO          480    .ARM.Collect$$libinit$$0000002E  c_p.l(libinit2.o)
    0x080000ca   0x00000000   Code   RO          482    .ARM.Collect$$libinit$$00000030  c_p.l(libinit2.o)
    0x080000ca   0x00000000   Code   RO          484    .ARM.Collect$$libinit$$00000032  c_p.l(libinit2.o)
    0x080000ca   0x00000002   Code   RO          485    .ARM.Collect$$libinit$$00000033  c_p.l(libinit2.o)
    0x080000cc   0x00000002   Code   RO          516    .ARM.Collect$$libshutdown$$00000000  c_p.l(libshutdown.o)
    0x080000ce   0x00000000   Code   RO          542    .ARM.Collect$$libshutdown$$00000002  c_p.l(libshutdown2.o)
    0x080000ce   0x00000000   Code   RO          544    .ARM.Collect$$libshutdown$$00000004  c_p.l(libshutdown2.o)
    0x080000ce   0x00000000   Code   RO          547    .ARM.Collect$$libshutdown$$00000007  c_p.l(libshutdown2.o)
    0x080000ce   0x00000000   Code   RO          550    .ARM.Collect$$libshutdown$$0000000A  c_p.l(libshutdown2.o)
    0x080000ce   0x00000000   Code   RO          552    .ARM.Collect$$libshutdown$$0000000C  c_p.l(libshutdown2.o)
    0x080000ce   0x00000000   Code   RO          555    .ARM.Collect$$libshutdown$$0000000F  c_p.l(libshutdown2.o)
    0x080000ce   0x00000002   Code   RO          556    .ARM.Collect$$libshutdown$$00000010  c_p.l(libshutdown2.o)
    0x080000d0   0x00000000   Code   RO          392    .ARM.Collect$$rtentry$$00000000  c_p.l(__rtentry.o)
    0x080000d0   0x00000000   Code   RO          398    .ARM.Collect$$rtentry$$00000002  c_p.l(__rtentry2.o)
    0x080000d0   0x00000006   Code   RO          410    .ARM.Collect$$rtentry$$00000004  c_p.l(__rtentry4.o)
    0x080000d6   0x00000000   Code   RO          400    .ARM.Collect$$rtentry$$00000009  c_p.l(__rtentry2.o)
    0x080000d6   0x00000004   Code   RO          401    .ARM.Collect$$rtentry$$0000000A  c_p.l(__rtentry2.o)
    0x080000da   0x00000000   Code   RO          403    .ARM.Collect$$rtentry$$0000000C  c_p.l(__rtentry2.o)
    0x080000da   0x00000008   Code   RO          404    .ARM.Collect$$rtentry$$0000000D  c_p.l(__rtentry2.o)
    0x080000e2   0x00000002   Code   RO          433    .ARM.Collect$$rtexit$$00000000  c_p.l(rtexit.o)
    0x080000e4   0x00000000   Code   RO          489    .ARM.Collect$$rtexit$$00000002  c_p.l(rtexit2.o)
    0x080000e4   0x00000004   Code   RO          490    .ARM.Collect$$rtexit$$00000003  c_p.l(rtexit2.o)
    0x080000e8   0x00000006   Code   RO          491    .ARM.Collect$$rtexit$$00000004  c_p.l(rtexit2.o)
    0x080000ee   0x00000002   PAD
    0x080000f0   0x00000038   Code   RO          343    .text               startup_stm32l053xx.o
    0x08000128   0x00000006   Code   RO          388    .text               c_p.l(heapauxi.o)
    0x0800012e   0x0000003e   Code   RO          414    .text               c_p.l(sys_stackheap_outer.o)
    0x0800016c   0x00000010   Code   RO          417    .text               c_p.l(exit.o)
    0x0800017c   0x00000008   Code   RO          429    .text               c_p.l(libspace.o)
    0x08000184   0x0000000c   Code   RO          486    .text               c_p.l(sys_exit.o)
    0x08000190   0x00000002   Code   RO          505    .text               c_p.l(use_no_semi.o)
    0x08000192   0x00000000   Code   RO          507    .text               c_p.l(indicate_semi.o)
    0x08000192   0x00000002   PAD
    0x08000194   0x00000024   Code   RO          104    i.ConfigureRNG      utils.o
    0x080001b8   0x00000004   Code   RO            3    i.HardFault_Handler  main.o
    0x080001bc   0x00000002   Code   RO            4    i.NMI_Handler       main.o
    0x080001be   0x00000002   Code   RO            5    i.PendSV_Handler    main.o
    0x080001c0   0x00000002   Code   RO            6    i.SVC_Handler       main.o
    0x080001c2   0x00000002   PAD
    0x080001c4   0x000000c4   Code   RO           51    i.SystemClock_Config  main.o
    0x08000288   0x00000068   Code   RO          350    i.SystemInit        system_stm32l0xx.o
    0x080002f0   0x0000000e   Code   RO            7    i.delayCycles       main.o
    0x080002fe   0x00000002   PAD
    0x08000300   0x0000001c   Code   RO          105    i.getrn             utils.o
    0x0800031c   0x00000110   Code   RO            8    i.main              main.o
    0x0800042c   0x00000074   Code   RO          106    i.mystdout_init     utils.o
    0x080004a0   0x00000000   Data   RO          557    Region$$Table       anon$$obj.o


    Execution Region RW_IRAM1 (Base: 0x20000000, Size: 0x00000660, Max: 0x00002000, ABSOLUTE)

    Base Addr    Size         Type   Attr      Idx    E Section Name        Object

    0x20000000   0x00000060   Zero   RW          430    .bss                c_p.l(libspace.o)
    0x20000060   0x00000200   Zero   RW          341    HEAP                startup_stm32l053xx.o
    0x20000260   0x00000400   Zero   RW          340    STACK               startup_stm32l053xx.o

