Component: ARM Compiler 5.06 update 4 (build 422) Tool: armlink [4d35d2]

==============================================================================

Section Cross References

    aes.o(i.AES_encrypt) refers to assert.o(.text) for __aeabi_assert
    aes.o(i.AES_encrypt) refers to aes.o(.constdata) for Te0
    aes.o(i.Display) refers to _printf_percent.o(.ARM.Collect$$_printf_percent$$00000000) for _printf_percent
    aes.o(i.Display) refers to _printf_d.o(.ARM.Collect$$_printf_percent$$00000009) for _printf_d
    aes.o(i.Display) refers to _printf_dec.o(.text) for _printf_int_dec
    aes.o(i.Display) refers to noretval__2printf.o(.text) for __2printf
    aes.o(i.private_AES_set_encrypt_key) refers to aes.o(.constdata) for Te2
    main.o(i.main) refers to main.o(i.SystemClock_Config) for SystemClock_Config
    main.o(i.main) refers to utils.o(i.ConfigureRNG) for ConfigureRNG
    main.o(i.main) refers to utils.o(i.mystdout_init) for mystdout_init
    main.o(i.main) refers to utils.o(i.delayCycles) for delayCycles
    main.o(i.main) refers to utils.o(i.rdser) for rdser
    main.o(i.main) refers to memcmp.o(.text) for memcmp
    main.o(i.main) refers to aes.o(i.private_AES_set_encrypt_key) for private_AES_set_encrypt_key
    main.o(i.main) refers to utils.o(i.getrn) for getrn
    main.o(i.main) refers to aes.o(i.Display) for Display
    main.o(i.main) refers to aes.o(i.AES_encrypt) for AES_encrypt
    utils.o(i.rdser) refers to utils.o(i.stdin_getchar) for stdin_getchar
    retarget_io.o(i._sys_open) refers to strcmp.o(.text) for strcmp
    retarget_io.o(i._sys_read) refers to utils.o(i.stdin_getchar) for stdin_getchar
    retarget_io.o(i._sys_write) refers to utils.o(i.stdout_putchar) for stdout_putchar
    startup_stm32l053xx.o(STACK) refers (Special) to heapauxi.o(.text) for __use_two_region_memory
    startup_stm32l053xx.o(HEAP) refers (Special) to heapauxi.o(.text) for __use_two_region_memory
    startup_stm32l053xx.o(RESET) refers (Special) to heapauxi.o(.text) for __use_two_region_memory
    startup_stm32l053xx.o(RESET) refers to startup_stm32l053xx.o(STACK) for __initial_sp
    startup_stm32l053xx.o(RESET) refers to startup_stm32l053xx.o(.text) for Reset_Handler
    startup_stm32l053xx.o(.text) refers (Special) to heapauxi.o(.text) for __use_two_region_memory
    startup_stm32l053xx.o(.text) refers to system_stm32l0xx.o(i.SystemInit) for SystemInit
    startup_stm32l053xx.o(.text) refers to __main.o(!!!main) for __main
    startup_stm32l053xx.o(.text) refers to startup_stm32l053xx.o(HEAP) for Heap_Mem
    startup_stm32l053xx.o(.text) refers to startup_stm32l053xx.o(STACK) for Stack_Mem
    system_stm32l0xx.o(i.SystemCoreClockUpdate) refers to aeabi_sdiv.o(.text) for __aeabi_uidivmod
    system_stm32l0xx.o(i.SystemCoreClockUpdate) refers to system_stm32l0xx.o(.data) for SystemCoreClock
    system_stm32l0xx.o(i.SystemCoreClockUpdate) refers to system_stm32l0xx.o(.constdata) for PLLMulTable
    __2printf.o(.text) refers to _printf_char_file.o(.text) for _printf_char_file
    __2printf.o(.text) refers to stdio_streams.o(.bss) for __stdout
    noretval__2printf.o(.text) refers to _printf_char_file.o(.text) for _printf_char_file
    noretval__2printf.o(.text) refers to stdio_streams.o(.bss) for __stdout
    __printf.o(.text) refers to _printf_percent.o(.ARM.Collect$$_printf_percent$$00000000) for _printf_percent
    _printf_dec.o(.text) refers to rtudiv10.o(.text) for __rt_udiv10
    _printf_dec.o(.text) refers to _printf_intcommon.o(.text) for _printf_int_common
    __printf_flags.o(.text) refers to _printf_percent.o(.ARM.Collect$$_printf_percent$$00000000) for _printf_percent
    __printf_flags.o(.text) refers to __printf_flags.o(.constdata) for .constdata
    __printf_ss.o(.text) refers to _printf_percent.o(.ARM.Collect$$_printf_percent$$00000000) for _printf_percent
    __printf_flags_ss.o(.text) refers to _printf_percent.o(.ARM.Collect$$_printf_percent$$00000000) for _printf_percent
    __printf_flags_ss.o(.text) refers to __printf_flags_ss.o(.constdata) for .constdata
    __printf_wp.o(.text) refers to __printf_wp.o(i._is_digit) for _is_digit
    __printf_wp.o(.text) refers to _printf_percent.o(.ARM.Collect$$_printf_percent$$00000000) for _printf_percent
    __printf_flags_wp.o(.text) refers to __printf_wp.o(i._is_digit) for _is_digit
    __printf_flags_wp.o(.text) refers to _printf_percent.o(.ARM.Collect$$_printf_percent$$00000000) for _printf_percent
    __printf_flags_wp.o(.text) refers to __printf_flags_wp.o(.constdata) for .constdata
    __printf_ss_wp.o(.text) refers to __printf_wp.o(i._is_digit) for _is_digit
    __printf_ss_wp.o(.text) refers to _printf_percent.o(.ARM.Collect$$_printf_percent$$00000000) for _printf_percent
    __printf_flags_ss_wp.o(.text) refers to __printf_wp.o(i._is_digit) for _is_digit
    __printf_flags_ss_wp.o(.text) refers to _printf_percent.o(.ARM.Collect$$_printf_percent$$00000000) for _printf_percent
[...]
    fopen.o(.text) refers to retarget_io.o(i._sys_open) for _sys_open
    fopen.o(.text) refers to fseek.o(.text) for _fseek
    fopen.o(.text) refers to h1_alloc.o(.text) for malloc
    fopen.o(.text) refers to rt_memclr.o(.text) for __aeabi_memclr4
    fopen.o(.text) refers to stdio_streams.o(.bss) for __stdin
    fclose.o(.text) refers to stdio.o(.text) for _fflush
    fclose.o(.text) refers to retarget_io.o(i._sys_close) for _sys_close
    fclose.o(.text) refers to h1_free.o(.text) for free
    fclose.o(.text) refers to rt_memclr.o(.text) for __aeabi_memclr4
    fopen_locked.o(.text) refers to fclose.o(.text) for _fclose_internal
    fopen_locked.o(.text) refers to retarget_io.o(i._sys_open) for _sys_open
    fopen_locked.o(.text) refers to fseek.o(.text) for _fseek
    fopen_locked.o(.text) refers to h1_alloc.o(.text) for malloc
    fopen_locked.o(.text) refers to rt_memclr.o(.text) for __aeabi_memclr4
    fopen_locked.o(.text) refers to streamlock.o(.data) for _stream_list_lock
    fopen_locked.o(.text) refers to stdio_streams.o(.bss) for __stdin
    exit.o(.text) refers to rtexit.o(.ARM.Collect$$rtexit$$00000000) for __rt_exit
    defsig_exit.o(.text) refers to sys_exit.o(.text) for _sys_exit
    defsig_abrt_inner.o(.text) refers to defsig_general.o(.text) for __default_signal_display
    defsig_fpe_outer.o(.text) refers to defsig_fpe_inner.o(.text) for __rt_SIGFPE_inner
    defsig_fpe_outer.o(.text) refers to defsig_exit.o(.text) for __sig_exit
    defsig_fpe_formal.o(.text) refers to rt_raise.o(.text) for __rt_raise
    defsig_rtred_outer.o(.text) refers to defsig_rtred_inner.o(.text) for __rt_SIGRTRED_inner
    defsig_rtred_outer.o(.text) refers to defsig_exit.o(.text) for __sig_exit
    defsig_rtred_formal.o(.text) refers to rt_raise.o(.text) for __rt_raise
    libinit.o(.ARM.Collect$$libinit$$00000000) refers (Special) to libinit2.o(.ARM.Collect$$libinit$$0000002E) for __rt_lib_init_alloca_1
    libinit.o(.ARM.Collect$$libinit$$00000000) refers (Special) to libinit2.o(.ARM.Collect$$libinit$$0000002C) for __rt_lib_init_argv_1
    libinit.o(.ARM.Collect$$libinit$$00000000) refers (Special) to libinit2.o(.ARM.Collect$$libinit$$0000001B) for __rt_lib_init_atexit_1
    libinit.o(.ARM.Collect$$libinit$$00000000) refers (Special) to libinit2.o(.ARM.Collect$$libinit$$00000021) for __rt_lib_init_clock_1
    libinit.o(.ARM.Collect$$libinit$$00000000) refers (Special) to libinit2.o(.ARM.Collect$$libinit$$00000032) for __rt_lib_init_cpp_1
    libinit.o(.ARM.Collect$$libinit$$00000000) refers (Special) to libinit2.o(.ARM.Collect$$libinit$$00000030) for __rt_lib_init_exceptions_1
    libinit.o(.ARM.Collect$$libinit$$00000000) refers (Special) to libinit2.o(.ARM.Collect$$libinit$$00000002) for __rt_lib_init_fp_1
    libinit.o(.ARM.Collect$$libinit$$00000000) refers (Special) to libinit2.o(.ARM.Collect$$libinit$$0000001F) for __rt_lib_init_fp_trap_1
    libinit.o(.ARM.Collect$$libinit$$00000000) refers (Special) to libinit2.o(.ARM.Collect$$libinit$$00000023) for __rt_lib_init_getenv_1
    libinit.o(.ARM.Collect$$libinit$$00000000) refers (Special) to libinit2.o(.ARM.Collect$$libinit$$0000000A) for __rt_lib_init_heap_1
    libinit.o(.ARM.Collect$$libinit$$00000000) refers (Special) to libinit2.o(.ARM.Collect$$libinit$$00000011) for __rt_lib_init_lc_collate_1
    libinit.o(.ARM.Collect$$libinit$$00000000) refers (Special) to libinit2.o(.ARM.Collect$$libinit$$00000013) for __rt_lib_init_lc_ctype_1
    libinit.o(.ARM.Collect$$libinit$$00000000) refers (Special) to libinit2.o(.ARM.Collect$$libinit$$00000015) for __rt_lib_init_lc_monetary_1
    libinit.o(.ARM.Collect$$libinit$$00000000) refers (Special) to libinit2.o(.ARM.Collect$$libinit$$00000017) for __rt_lib_init_lc_numeric_1
    libinit.o(.ARM.Collect$$libinit$$00000000) refers (Special) to libinit2.o(.ARM.Collect$$libinit$$00000019) for __rt_lib_init_lc_time_1
    libinit.o(.ARM.Collect$$libinit$$00000000) refers (Special) to libinit2.o(.ARM.Collect$$libinit$$00000004) for __rt_lib_init_preinit_1
    libinit.o(.ARM.Collect$$libinit$$00000000) refers (Special) to libinit2.o(.ARM.Collect$$libinit$$0000000E) for __rt_lib_init_rand_1
    libinit.o(.ARM.Collect$$libinit$$00000000) refers (Special) to libinit2.o(.ARM.Collect$$libinit$$00000033) for __rt_lib_init_return
    libinit.o(.ARM.Collect$$libinit$$00000000) refers (Special) to libinit2.o(.ARM.Collect$$libinit$$0000001D) for __rt_lib_init_signal_1
    libinit.o(.ARM.Collect$$libinit$$00000000) refers (Special) to libinit2.o(.ARM.Collect$$libinit$$00000025) for __rt_lib_init_stdio_1
    libinit.o(.ARM.Collect$$libinit$$00000000) refers (Special) to libinit2.o(.ARM.Collect$$libinit$$0000000C) for __rt_lib_init_user_alloc_1
    libinit2.o(.ARM.Collect$$libinit$$00000005) refers (Weak) to init_alloc.o(.text) for _init_alloc
    libinit2.o(.ARM.Collect$$libinit$$00000010) refers to libinit2.o(.ARM.Collect$$libinit$$0000000F) for .ARM.Collect$$libinit$$0000000F
    libinit2.o(.ARM.Collect$$libinit$$00000012) refers to libinit2.o(.ARM.Collect$$libinit$$0000000F) for .ARM.Collect$$libinit$$0000000F
    libinit2.o(.ARM.Collect$$libinit$$00000014) refers to libinit2.o(.ARM.Collect$$libinit$$0000000F) for .ARM.Collect$$libinit$$0000000F
    libinit2.o(.ARM.Collect$$libinit$$00000016) refers to libinit2.o(.ARM.Collect$$libinit$$0000000F) for .ARM.Collect$$libinit$$0000000F
    libinit2.o(.ARM.Collect$$libinit$$00000018) refers to libinit2.o(.ARM.Collect$$libinit$$0000000F) for .ARM.Collect$$libinit$$0000000F
    libinit2.o(.ARM.Collect$$libinit$$00000024) refers (Weak) to initio.o(.text) for _initio
    libinit2.o(.ARM.Collect$$libinit$$00000026) refers to argv_veneer.o(.text) for __ARM_argv_veneer
    libinit2.o(.ARM.Collect$$libinit$$00000027) refers to argv_veneer.o(.text) for __ARM_argv_veneer
    libshutdown2.o(.ARM.Collect$$libshutdown$$00000003) refers (Weak) to initio.o(.text) for _terminateio
    libshutdown2.o(.ARM.Collect$$libshutdown$$0000000D) refers (Weak) to term_alloc.o(.text) for _terminate_alloc
    flsbuf_fwide.o(.text) refers to flsbuf.o(.text) for __flsbuf
    libspace.o(.text) refers to libspace.o(.bss) for __libspace_start
    rtexit.o(.ARM.Collect$$rtexit$$00000000) refers (Special) to rtexit2.o(.ARM.Collect$$rtexit$$00000004) for __rt_exit_exit
    rtexit.o(.ARM.Collect$$rtexit$$00000000) refers (Special) to rtexit2.o(.ARM.Collect$$rtexit$$00000003) for __rt_exit_ls
    rtexit.o(.ARM.Collect$$rtexit$$00000000) refers (Special) to rtexit2.o(.ARM.Collect$$rtexit$$00000002) for __rt_exit_prels_1
    rtexit.o(.ARM.exidx) refers (Special) to rtexit2.o(.ARM.Collect$$rtexit$$00000004) for __rt_exit_exit
    rtexit.o(.ARM.exidx) refers (Special) to rtexit2.o(.ARM.Collect$$rtexit$$00000003) for __rt_exit_ls
    rtexit.o(.ARM.exidx) refers (Special) to rtexit2.o(.ARM.Collect$$rtexit$$00000002) for __rt_exit_prels_1
    rtexit.o(.ARM.exidx) refers to rtexit.o(.ARM.Collect$$rtexit$$00000000) for .ARM.Collect$$rtexit$$00000000
    rt_heap_descriptor.o(.text) refers to rt_heap_descriptor.o(.bss) for __rt_heap_descriptor_data
    rt_heap_descriptor_intlibspace.o(.text) refers to libspace.o(.bss) for __libspace_start
    init_alloc.o(.text) refers (Special) to hguard.o(.text) for __heap$guard
    init_alloc.o(.text) refers (Special) to libinit2.o(.ARM.Collect$$libinit$$00000005) for __rt_lib_init_heap_2
    init_alloc.o(.text) refers (Special) to maybetermalloc1.o(.emb_text) for _maybe_terminate_alloc
    init_alloc.o(.text) refers to h1_extend.o(.text) for __Heap_ProvideMemory
    init_alloc.o(.text) refers to defsig_rtmem_outer.o(.text) for __rt_SIGRTMEM
    init_alloc.o(.text) refers to rt_heap_descriptor_intlibspace.o(.text) for __rt_heap_descriptor
    init_alloc.o(.text) refers to h1_init.o(.text) for __Heap_Initialize
    malloc.o(.text) refers (Special) to hguard.o(.text) for __heap$guard
    malloc.o(.text) refers (Special) to init_alloc.o(.text) for _init_alloc
    malloc.o(.text) refers to rt_heap_descriptor_intlibspace.o(.text) for __rt_heap_descriptor
    h1_alloc.o(.text) refers (Special) to h1_init.o(.text) for __Heap_Initialize
    h1_alloc.o(.text) refers to rt_heap_descriptor_intlibspace.o(.text) for __rt_heap_descriptor
    h1_alloc.o(.text) refers to init_alloc.o(.text) for __Heap_Full
    h1_alloc_mt.o(.text) refers (Special) to h1_init.o(.text) for __Heap_Initialize
    h1_alloc_mt.o(.text) refers to init_alloc.o(.text) for __Heap_Full
    h1_alloc_mt.o(.text) refers to rt_heap_descriptor_intlibspace.o(.text) for __rt_heap_descriptor
    _printf_char_file_locked.o(.text) refers to _printf_char_common.o(.text) for _printf_char_common
    _printf_char_file_locked.o(.text) refers to fputc.o(i._fputc$unlocked) for _fputc$unlocked
    fseek.o(.text) refers to retarget_io.o(i._sys_istty) for _sys_istty
    fseek.o(.text) refers to ftell.o(.text) for _ftell_internal
    fseek.o(.text) refers to retarget_io.o(i._sys_flen) for _sys_flen
    fseek.o(.text) refers to stdio.o(.text) for _seterr
    stdio.o(.text) refers to retarget_io.o(i._sys_seek) for _sys_seek
    stdio.o(.text) refers to retarget_io.o(i._sys_write) for _sys_write
    fwritefast.o(.text) refers to stdio.o(.text) for _writebuf
    fwritefast.o(.text) refers to flsbuf.o(.text) for __flsbuf_byte
    fwritefast.o(.text) refers to rt_memcpy.o(.text) for __aeabi_memcpy
    fwritefast_locked.o(.text) refers to stdio.o(.text) for _writebuf
    fwritefast_locked.o(.text) refers to flsbuf.o(.text) for __flsbuf_byte
    fwritefast_locked.o(.text) refers to rt_memcpy.o(.text) for __aeabi_memcpy
    __raise.o(.text) refers to defsig.o(CL$$defsig) for __default_signal_handler
    defsig_general.o(.text) refers to sys_wrch.o(.text) for _ttywrch
    defsig_fpe_inner.o(.text) refers to defsig_general.o(.text) for __default_signal_display
    defsig_rtred_inner.o(.text) refers to defsig_general.o(.text) for __default_signal_display
    assert_stdio.o(.text) refers to fputs.o(.text) for fputs
    assert_stdio.o(.text) refers to fflush.o(.text) for fflush
    assert_stdio.o(.text) refers to stdio_streams.o(.bss) for __stderr
    rt_memcpy.o(.text) refers to rt_memcpy.o(.emb_text) for __aeabi_memcpy4
    rtexit2.o(.ARM.Collect$$rtexit$$00000003) refers to libshutdown.o(.ARM.Collect$$libshutdown$$00000000) for __rt_lib_shutdown
    rtexit2.o(.ARM.Collect$$rtexit$$00000004) refers to sys_exit.o(.text) for _sys_exit
    rtexit2.o(.ARM.exidx) refers to rtexit2.o(.ARM.Collect$$rtexit$$00000001) for .ARM.Collect$$rtexit$$00000001
    rtexit2.o(.ARM.exidx) refers to rtexit2.o(.ARM.Collect$$rtexit$$00000003) for .ARM.Collect$$rtexit$$00000003
    rtexit2.o(.ARM.exidx) refers to rtexit2.o(.ARM.Collect$$rtexit$$00000004) for .ARM.Collect$$rtexit$$00000004
    maybetermalloc2.o(.emb_text) refers (Special) to term_alloc.o(.text) for _terminate_alloc
    h1_extend.o(.text) refers to h1_free.o(.text) for free
    h1_extend_mt.o(.text) refers to h1_free_mt.o(.text) for _free_internal
    fflush.o(.text) refers to stdio.o(.text) for _fflush
    fflush.o(.text) refers to fseek.o(.text) for _fseek
    fflush.o(.text) refers to stdio_streams.o(.bss) for __stdin
    fputs.o(.text) refers to fputc.o(i.fputc) for fputc
    ftell.o(.text) refers to rt_errno_addr_intlibspace.o(.text) for __aeabi_errno_addr
    fflush_locked.o(.text) refers to stdio.o(.text) for _fflush
    fflush_locked.o(.text) refers to fseek.o(.text) for _fseek
    fflush_locked.o(.text) refers to fflush.o(.text) for _do_fflush
    fflush_locked.o(.text) refers to streamlock.o(.data) for _stream_list_lock
    fflush_locked.o(.text) refers to stdio_streams.o(.bss) for __stdin
    defsig_rtmem_outer.o(.text) refers to defsig_rtmem_inner.o(.text) for __rt_SIGRTMEM_inner
    defsig_rtmem_outer.o(.text) refers to defsig_exit.o(.text) for __sig_exit
    defsig_rtmem_formal.o(.text) refers to rt_raise.o(.text) for __rt_raise
    defsig.o(CL$$defsig) refers to defsig_abrt_inner.o(.text) for __rt_SIGABRT_inner
    defsig.o(CL$$defsig) refers to defsig_fpe_inner.o(.text) for __rt_SIGFPE_inner
    defsig.o(CL$$defsig) refers to defsig_rtred_inner.o(.text) for __rt_SIGRTRED_inner
    defsig.o(CL$$defsig) refers to defsig_rtmem_inner.o(.text) for __rt_SIGRTMEM_inner
    heapauxa.o(.text) refers to heapauxa.o(.data) for .data
    _get_argv.o(.text) refers (Special) to hrguard.o(.text) for __heap_region$guard
    _get_argv.o(.text) refers to h1_alloc.o(.text) for malloc
    _get_argv.o(.text) refers to defsig_rtmem_outer.o(.text) for __rt_SIGRTMEM
    _get_argv.o(.text) refers to sys_command.o(.text) for _sys_command_string
    _get_argv_nomalloc.o(.text) refers (Special) to hrguard.o(.text) for __heap_region$guard
    _get_argv_nomalloc.o(.text) refers to defsig_rtmem_outer.o(.text) for __rt_SIGRTMEM
    _get_argv_nomalloc.o(.text) refers to sys_command.o(.text) for _sys_command_string
    sys_command.o(.text) refers (Special) to use_no_semi.o(.text) for __I$use$semihosting
    sys_command.o(.text) refers (Special) to indicate_semi.o(.text) for __semihosting_library_function
    rt_errno_addr.o(.text) refers to rt_errno_addr.o(.bss) for __aeabi_errno_addr_data
    rt_errno_addr_intlibspace.o(.text) refers to libspace.o(.bss) for __libspace_start
    term_alloc.o(.text) refers (Special) to libshutdown2.o(.ARM.Collect$$libshutdown$$0000000E) for __rt_lib_shutdown_heap_2
    term_alloc.o(.text) refers to rt_heap_descriptor_intlibspace.o(.text) for __rt_heap_descriptor
    defsig_rtmem_inner.o(.text) refers to defsig_general.o(.text) for __default_signal_display
    defsig_stak_inner.o(.text) refers to defsig_general.o(.text) for __default_signal_display
    defsig_pvfn_inner.o(.text) refers to defsig_general.o(.text) for __default_signal_display
    defsig_cppl_inner.o(.text) refers to defsig_general.o(.text) for __default_signal_display
    defsig_segv_inner.o(.text) refers to defsig_general.o(.text) for __default_signal_display
    defsig_other.o(.text) refers to defsig_general.o(.text) for __default_signal_display
    libshutdown.o(.ARM.Collect$$libshutdown$$00000000) refers (Special) to libshutdown2.o(.ARM.Collect$$libshutdown$$00000002) for __rt_lib_shutdown_cpp_1
    libshutdown.o(.ARM.Collect$$libshutdown$$00000000) refers (Special) to libshutdown2.o(.ARM.Collect$$libshutdown$$00000007) for __rt_lib_shutdown_fp_trap_1
    libshutdown.o(.ARM.Collect$$libshutdown$$00000000) refers (Special) to libshutdown2.o(.ARM.Collect$$libshutdown$$0000000F) for __rt_lib_shutdown_heap_1
    libshutdown.o(.ARM.Collect$$libshutdown$$00000000) refers (Special) to libshutdown2.o(.ARM.Collect$$libshutdown$$00000010) for __rt_lib_shutdown_return
    libshutdown.o(.ARM.Collect$$libshutdown$$00000000) refers (Special) to libshutdown2.o(.ARM.Collect$$libshutdown$$0000000A) for __rt_lib_shutdown_signal_1
    libshutdown.o(.ARM.Collect$$libshutdown$$00000000) refers (Special) to libshutdown2.o(.ARM.Collect$$libshutdown$$00000004) for __rt_lib_shutdown_stdio_1
    libshutdown.o(.ARM.Collect$$libshutdown$$00000000) refers (Special) to libshutdown2.o(.ARM.Collect$$libshutdown$$0000000C) for __rt_lib_shutdown_user_alloc_1


==============================================================================

Removing Unused input sections from the image.

    Removing aes.o(.rev16_text), (4 bytes).
    Removing aes.o(.revsh_text), (4 bytes).
    Removing main.o(.rev16_text), (4 bytes).
    Removing main.o(.revsh_text), (4 bytes).
    Removing main.o(.constdata), (8488 bytes).
    Removing utils.o(.rev16_text), (4 bytes).
    Removing utils.o(.revsh_text), (4 bytes).
    Removing utils.o(i.pulse), (20 bytes).
    Removing retarget_io.o(i._sys_read), (80 bytes).
    Removing system_stm32l0xx.o(.rev16_text), (4 bytes).
    Removing system_stm32l0xx.o(.revsh_text), (4 bytes).
    Removing system_stm32l0xx.o(i.SystemCoreClockUpdate), (272 bytes).
    Removing system_stm32l0xx.o(.constdata), (33 bytes).
    Removing system_stm32l0xx.o(.data), (4 bytes).

14 unused section(s) (total 8929 bytes) removed from the image.

==============================================================================

Image Symbol Table

    Local Symbols

    Symbol Name                              Value     Ov Type        Size  Object(Section)

    ../clib/angel/boardlib.s                 0x00000000   Number         0  boardinit3.o ABSOLUTE
    ../clib/angel/boardlib.s                 0x00000000   Number         0  boardinit1.o ABSOLUTE
    ../clib/angel/boardlib.s                 0x00000000   Number         0  boardshut.o ABSOLUTE
    ../clib/angel/boardlib.s                 0x00000000   Number         0  boardinit2.o ABSOLUTE
    ../clib/angel/handlers.s                 0x00000000   Number         0  __scatter_zi.o ABSOLUTE
    ../clib/angel/handlers.s                 0x00000000   Number         0  __scatter_copy.o ABSOLUTE
    ../clib/angel/kernel.s                   0x00000000   Number         0  __rtentry.o ABSOLUTE
    ../clib/angel/kernel.s                   0x00000000   Number         0  rtexit.o ABSOLUTE
    ../clib/angel/kernel.s                   0x00000000   Number         0  rtexit2.o ABSOLUTE
    ../clib/angel/kernel.s                   0x00000000   Number         0  __rtentry2.o ABSOLUTE
    ../clib/angel/kernel.s                   0x00000000   Number         0  __rtentry4.o ABSOLUTE
    ../clib/angel/rt.s                       0x00000000   Number         0  rt_errno_addr.o ABSOLUTE
    ../clib/angel/rt.s                       0x00000000   Number         0  aeabi_idiv0.o ABSOLUTE
    ../clib/angel/rt.s                       0x00000000   Number         0  aeabi_idiv0_sigfpe.o ABSOLUTE
    ../clib/angel/rt.s                       0x00000000   Number         0  rt_div0.o ABSOLUTE
    ../clib/angel/rt.s                       0x00000000   Number         0  rt_heap_descriptor_intlibspace.o ABSOLUTE
    ../clib/angel/rt.s                       0x00000000   Number         0  rt_heap_descriptor.o ABSOLUTE
    ../clib/angel/rt.s                       0x00000000   Number         0  rt_raise.o ABSOLUTE
    ../clib/angel/rt.s                       0x00000000   Number         0  rt_errno_addr_intlibspace.o ABSOLUTE
    ../clib/angel/scatterp.s                 0x00000000   Number         0  __scatter.o ABSOLUTE
    ../clib/angel/startup.s                  0x00000000   Number         0  __main.o ABSOLUTE
    ../clib/angel/sys.s                      0x00000000   Number         0  tempstk.o ABSOLUTE
    ../clib/angel/sys.s                      0x00000000   Number         0  indicate_semi.o ABSOLUTE
    ../clib/angel/sys.s                      0x00000000   Number         0  use_no_semi.o ABSOLUTE
    ../clib/angel/sys.s                      0x00000000   Number         0  mutex_dummy.o ABSOLUTE
    ../clib/angel/sys.s                      0x00000000   Number         0  sys_stackheap_outer.o ABSOLUTE
    ../clib/angel/sys.s                      0x00000000   Number         0  libspace.o ABSOLUTE
    ../clib/angel/sysapp.c                   0x00000000   Number         0  sys_command.o ABSOLUTE
    ../clib/angel/sysapp.c                   0x00000000   Number         0  sys_wrch.o ABSOLUTE
    ../clib/angel/sysapp.c                   0x00000000   Number         0  sys_exit.o ABSOLUTE
    ../clib/armsys.c                         0x00000000   Number         0  argv_veneer.o ABSOLUTE
    ../clib/armsys.c                         0x00000000   Number         0  no_argv.o ABSOLUTE
    ../clib/armsys.c                         0x00000000   Number         0  _get_argv_nomalloc.o ABSOLUTE
    ../clib/armsys.c                         0x00000000   Number         0  _get_argv.o ABSOLUTE
    ../clib/assert.c                         0x00000000   Number         0  assert_puts.o ABSOLUTE
    ../clib/assert.c                         0x00000000   Number         0  assert.o ABSOLUTE
    ../clib/assert.c                         0x00000000   Number         0  assert_stdio.o ABSOLUTE
    ../clib/division.c                       0x00000000   Number         0  rtudiv10.o ABSOLUTE
    ../clib/division.s                       0x00000000   Number         0  aeabi_sdiv_div0.o ABSOLUTE
    ../clib/division.s                       0x00000000   Number         0  aeabi_sdiv.o ABSOLUTE
    ../clib/heap1.c                          0x00000000   Number         0  h1_extend_mt.o ABSOLUTE
    ../clib/heap1.c                          0x00000000   Number         0  h1_init.o ABSOLUTE
    ../clib/heap1.c                          0x00000000   Number         0  h1_final.o ABSOLUTE
    ../clib/heap1.c                          0x00000000   Number         0  h1_alloc_mt.o ABSOLUTE
    ../clib/heap1.c                          0x00000000   Number         0  h1_alloc.o ABSOLUTE
    ../clib/heap1.c                          0x00000000   Number         0  h1_final_mt.o ABSOLUTE
    ../clib/heap1.c                          0x00000000   Number         0  h1_extend.o ABSOLUTE
    ../clib/heap1.c                          0x00000000   Number         0  h1_init_mt.o ABSOLUTE
    ../clib/heap1.c                          0x00000000   Number         0  h1_free.o ABSOLUTE
    ../clib/heap1.c                          0x00000000   Number         0  h1_free_mt.o ABSOLUTE
    ../clib/heap2.c                          0x00000000   Number         0  fdtree.o ABSOLUTE
    ../clib/heap2.c                          0x00000000   Number         0  heap2.o ABSOLUTE
    ../clib/heap2.c                          0x00000000   Number         0  heap2mt.o ABSOLUTE
    ../clib/heapalloc.c                      0x00000000   Number         0  maybetermalloc1.o ABSOLUTE
    ../clib/heapalloc.c                      0x00000000   Number         0  maybetermalloc2.o ABSOLUTE
    ../clib/heapalloc.c                      0x00000000   Number         0  maybetermalloc1.o ABSOLUTE
    ../clib/heapalloc.c                      0x00000000   Number         0  hrguard.o ABSOLUTE
    ../clib/heapalloc.c                      0x00000000   Number         0  hguard.o ABSOLUTE
    ../clib/heapalloc.c                      0x00000000   Number         0  init_alloc.o ABSOLUTE
    ../clib/heapalloc.c                      0x00000000   Number         0  free.o ABSOLUTE
    ../clib/heapalloc.c                      0x00000000   Number         0  malloc.o ABSOLUTE
    ../clib/heapalloc.c                      0x00000000   Number         0  heapstubs.o ABSOLUTE
    ../clib/heapalloc.c                      0x00000000   Number         0  term_alloc.o ABSOLUTE
    ../clib/heapalloc.c                      0x00000000   Number         0  maybetermalloc2.o ABSOLUTE
    ../clib/heapaux.c                        0x00000000   Number         0  heapauxi.o ABSOLUTE
    ../clib/heapaux.c                        0x00000000   Number         0  heapauxa.o ABSOLUTE
    ../clib/libinit.s                        0x00000000   Number         0  libshutdown.o ABSOLUTE
    ../clib/libinit.s                        0x00000000   Number         0  libshutdown2.o ABSOLUTE
    ../clib/libinit.s                        0x00000000   Number         0  libinit2.o ABSOLUTE
    ../clib/libinit.s                        0x00000000   Number         0  libinit.o ABSOLUTE
    ../clib/memcpset.c                       0x00000000   Number         0  rt_memcpy.o ABSOLUTE
    ../clib/memcpset.c                       0x00000000   Number         0  rt_memclr.o ABSOLUTE
    ../clib/memcpset.c                       0x00000000   Number         0  rt_memcpy.o ABSOLUTE
    ../clib/printf.c                         0x00000000   Number         0  __printf_ss_wp.o ABSOLUTE
    ../clib/printf.c                         0x00000000   Number         0  __printf_nopercent.o ABSOLUTE
    ../clib/printf.c                         0x00000000   Number         0  __printf_flags_ss_wp.o ABSOLUTE
    ../clib/printf.c                         0x00000000   Number         0  __2printf.o ABSOLUTE
    ../clib/printf.c                         0x00000000   Number         0  noretval__2printf.o ABSOLUTE
    ../clib/printf.c                         0x00000000   Number         0  _printf_char_file_locked.o ABSOLUTE
    ../clib/printf.c                         0x00000000   Number         0  __printf.o ABSOLUTE
    ../clib/printf.c                         0x00000000   Number         0  _printf_char_common.o ABSOLUTE
    ../clib/printf.c                         0x00000000   Number         0  _printf_dec.o ABSOLUTE
    ../clib/printf.c                         0x00000000   Number         0  __printf_flags.o ABSOLUTE
    ../clib/printf.c                         0x00000000   Number         0  __printf_ss.o ABSOLUTE
    ../clib/printf.c                         0x00000000   Number         0  __printf_flags_ss.o ABSOLUTE
    ../clib/printf.c                         0x00000000   Number         0  __printf_wp.o ABSOLUTE
    ../clib/printf.c                         0x00000000   Number         0  __printf_flags_wp.o ABSOLUTE
    ../clib/printf.c                         0x00000000   Number         0  _printf_intcommon.o ABSOLUTE
    ../clib/printf.c                         0x00000000   Number         0  _printf_char_file.o ABSOLUTE
    ../clib/printf_percent.s                 0x00000000   Number         0  _printf_percent.o ABSOLUTE
    ../clib/printf_percent.s                 0x00000000   Number         0  _printf_d.o ABSOLUTE
    ../clib/printf_percent.s                 0x00000000   Number         0  _printf_percent_end.o ABSOLUTE
    ../clib/signal.c                         0x00000000   Number         0  defsig_rtmem_outer.o ABSOLUTE
    ../clib/signal.c                         0x00000000   Number         0  defsig_rtred_inner.o ABSOLUTE
    ../clib/signal.c                         0x00000000   Number         0  defsig_rtred_formal.o ABSOLUTE
    ../clib/signal.c                         0x00000000   Number         0  defsig_rtred_outer.o ABSOLUTE
    ../clib/signal.c                         0x00000000   Number         0  defsig_fpe_formal.o ABSOLUTE
    ../clib/signal.c                         0x00000000   Number         0  defsig_abrt_outer.o ABSOLUTE
    ../clib/signal.c                         0x00000000   Number         0  defsig_fpe_outer.o ABSOLUTE
    ../clib/signal.c                         0x00000000   Number         0  defsig_abrt_formal.o ABSOLUTE
    ../clib/signal.c                         0x00000000   Number         0  defsig_fpe_inner.o ABSOLUTE
    ../clib/signal.c                         0x00000000   Number         0  defsig_abrt_inner.o ABSOLUTE
    ../clib/signal.c                         0x00000000   Number         0  defsig_general.o ABSOLUTE
    ../clib/signal.c                         0x00000000   Number         0  __raise.o ABSOLUTE
    ../clib/signal.c                         0x00000000   Number         0  defsig_exit.o ABSOLUTE
    ../clib/signal.c                         0x00000000   Number         0  defsig_pvfn_inner.o ABSOLUTE
    ../clib/signal.c                         0x00000000   Number         0  defsig_other.o ABSOLUTE
    ../clib/signal.c                         0x00000000   Number         0  defsig_segv_inner.o ABSOLUTE
    ../clib/signal.c                         0x00000000   Number         0  defsig_cppl_inner.o ABSOLUTE
    ../clib/signal.c                         0x00000000   Number         0  defsig_stak_inner.o ABSOLUTE
    ../clib/signal.c                         0x00000000   Number         0  defsig_rtmem_inner.o ABSOLUTE
    ../clib/signal.c                         0x00000000   Number         0  defsig_rtmem_formal.o ABSOLUTE
    ../clib/signal.s                         0x00000000   Number         0  defsig.o ABSOLUTE
    ../clib/stdio.c                          0x00000000   Number         0  streamlock.o ABSOLUTE
    ../clib/stdio.c                          0x00000000   Number         0  fclose.o ABSOLUTE
    ../clib/stdio.c                          0x00000000   Number         0  stdio_streams.o ABSOLUTE
    ../clib/stdio.c                          0x00000000   Number         0  setvbuf.o ABSOLUTE
    ../clib/stdio.c                          0x00000000   Number         0  setvbuf_locked.o ABSOLUTE
    ../clib/stdio.c                          0x00000000   Number         0  flsbuf.o ABSOLUTE
    ../clib/stdio.c                          0x00000000   Number         0  ferror.o ABSOLUTE
    ../clib/stdio.c                          0x00000000   Number         0  fopen_locked.o ABSOLUTE
    ../clib/stdio.c                          0x00000000   Number         0  fputc.o ABSOLUTE
    ../clib/stdio.c                          0x00000000   Number         0  fopen.o ABSOLUTE
    ../clib/stdio.c                          0x00000000   Number         0  initio.o ABSOLUTE
    ../clib/stdio.c                          0x00000000   Number         0  fwritefast_locked.o ABSOLUTE
    ../clib/stdio.c                          0x00000000   Number         0  fputc_locked.o ABSOLUTE
    ../clib/stdio.c                          0x00000000   Number         0  ferror_locked.o ABSOLUTE
    ../clib/stdio.c                          0x00000000   Number         0  ftell.o ABSOLUTE
    ../clib/stdio.c                          0x00000000   Number         0  initio_locked.o ABSOLUTE
    ../clib/stdio.c                          0x00000000   Number         0  fwritefast.o ABSOLUTE
    ../clib/stdio.c                          0x00000000   Number         0  fflush.o ABSOLUTE
    ../clib/stdio.c                          0x00000000   Number         0  stdio.o ABSOLUTE
    ../clib/stdio.c                          0x00000000   Number         0  fputs.o ABSOLUTE
    ../clib/stdio.c                          0x00000000   Number         0  fseek.o ABSOLUTE
    ../clib/stdio.c                          0x00000000   Number         0  fputs_locked.o ABSOLUTE
    ../clib/stdio.c                          0x00000000   Number         0  fflush_locked.o ABSOLUTE
    ../clib/stdlib.c                         0x00000000   Number         0  exit.o ABSOLUTE
    ../clib/stdlib.c                         0x00000000   Number         0  abort.o ABSOLUTE
    ../clib/string.c                         0x00000000   Number         0  strcmp.o ABSOLUTE
    ../clib/string.c                         0x00000000   Number         0  memcmp.o ABSOLUTE
    ../clib/wchar.c                          0x00000000   Number         0  flsbuf_fwide.o ABSOLUTE
    ../fplib/cfplib/fpinit.c                 0x00000000   Number         0  fpinit.o ABSOLUTE
    AES.c                                    0x00000000   Number         0  aes.o ABSOLUTE
    AES.c                                    0x00000000   Number         0  aes.o ABSOLUTE
    C:\Keil_v5\ARM\PACK\Keil\ARM_Compiler\1.3.0\Source\retarget_io.c 0x00000000   Number         0  retarget_io.o ABSOLUTE
    RTE\Device\STM32L053R8Tx\startup_stm32l053xx.s 0x00000000   Number         0  startup_stm32l053xx.o ABSOLUTE
    RTE\Device\STM32L053R8Tx\system_stm32l0xx.c 0x00000000   Number         0  system_stm32l0xx.o ABSOLUTE
    RTE\\Device\\STM32L053R8Tx\\system_stm32l0xx.c 0x00000000   Number         0  system_stm32l0xx.o ABSOLUTE
    dc.s                                     0x00000000   Number         0  dc.o ABSOLUTE
    main.c                                   0x00000000   Number         0  main.o ABSOLUTE
    main.c                                   0x00000000   Number         0  main.o ABSOLUTE
    utils.c                                  0x00000000   Number         0  utils.o ABSOLUTE
    utils.c                                  0x00000000   Number         0  utils.o ABSOLUTE
    RESET                                    0x08000000   Section      192  startup_stm32l053xx.o(RESET)
    !!!main                                  0x080000c0   Section        8  __main.o(!!!main)
    !!!scatter                               0x080000c8   Section       60  __scatter.o(!!!scatter)
    !!handler_copy                           0x08000104   Section       26  __scatter_copy.o(!!handler_copy)
    !!handler_zi                             0x08000120   Section       28  __scatter_zi.o(!!handler_zi)
    .ARM.Collect$$_printf_percent$$00000000  0x0800013c   Section        2  _printf_percent.o(.ARM.Collect$$_printf_percent$$00000000)
    .ARM.Collect$$_printf_percent$$00000009  0x0800013e   Section       10  _printf_d.o(.ARM.Collect$$_printf_percent$$00000009)
    .ARM.Collect$$_printf_percent$$00000017  0x08000148   Section        4  _printf_percent_end.o(.ARM.Collect$$_printf_percent$$00000017)
    .ARM.Collect$$libinit$$00000000          0x0800014c   Section        2  libinit.o(.ARM.Collect$$libinit$$00000000)
    .ARM.Collect$$libinit$$00000002          0x0800014e   Section        0  libinit2.o(.ARM.Collect$$libinit$$00000002)
    .ARM.Collect$$libinit$$00000004          0x0800014e   Section        0  libinit2.o(.ARM.Collect$$libinit$$00000004)
    .ARM.Collect$$libinit$$00000005          0x0800014e   Section        8  libinit2.o(.ARM.Collect$$libinit$$00000005)
    .ARM.Collect$$libinit$$0000000A          0x08000156   Section        0  libinit2.o(.ARM.Collect$$libinit$$0000000A)
    .ARM.Collect$$libinit$$0000000C          0x08000156   Section        0  libinit2.o(.ARM.Collect$$libinit$$0000000C)
    .ARM.Collect$$libinit$$0000000E          0x08000156   Section        0  libinit2.o(.ARM.Collect$$libinit$$0000000E)
    .ARM.Collect$$libinit$$00000011          0x08000156   Section        0  libinit2.o(.ARM.Collect$$libinit$$00000011)
    .ARM.Collect$$libinit$$00000013          0x08000156   Section        0  libinit2.o(.ARM.Collect$$libinit$$00000013)
    .ARM.Collect$$libinit$$00000015          0x08000156   Section        0  libinit2.o(.ARM.Collect$$libinit$$00000015)
    .ARM.Collect$$libinit$$00000017          0x08000156   Section        0  libinit2.o(.ARM.Collect$$libinit$$00000017)
    .ARM.Collect$$libinit$$00000019          0x08000156   Section        0  libinit2.o(.ARM.Collect$$libinit$$00000019)
    .ARM.Collect$$libinit$$0000001B          0x08000156   Section        0  libinit2.o(.ARM.Collect$$libinit$$0000001B)
    .ARM.Collect$$libinit$$0000001D          0x08000156   Section        0  libinit2.o(.ARM.Collect$$libinit$$0000001D)
    .ARM.Collect$$libinit$$0000001F          0x08000156   Section        0  libinit2.o(.ARM.Collect$$libinit$$0000001F)
    .ARM.Collect$$libinit$$00000021          0x08000156   Section        0  libinit2.o(.ARM.Collect$$libinit$$00000021)
    .ARM.Collect$$libinit$$00000023          0x08000156   Section        0  libinit2.o(.ARM.Collect$$libinit$$00000023)
    .ARM.Collect$$libinit$$00000024          0x08000156   Section        4  libinit2.o(.ARM.Collect$$libinit$$00000024)
    .ARM.Collect$$libinit$$00000025          0x0800015a   Section        0  libinit2.o(.ARM.Collect$$libinit$$00000025)
    .ARM.Collect$$libinit$$0000002C          0x0800015a   Section        0  libinit2.o(.ARM.Collect$$libinit$$0000002C)
    .ARM.Collect$$libinit$$0000002E          0x0800015a   Section        0  libinit2.o(.ARM.Collect$$libinit$$0000002E)
    .ARM.Collect$$libinit$$00000030          0x0800015a   Section        0  libinit2.o(.ARM.Collect$$libinit$$00000030)
    .ARM.Collect$$libinit$$00000032          0x0800015a   Section        0  libinit2.o(.ARM.Collect$$libinit$$00000032)
    .ARM.Collect$$libinit$$00000033          0x0800015a   Section        2  libinit2.o(.ARM.Collect$$libinit$$00000033)
    .ARM.Collect$$libshutdown$$00000000      0x0800015c   Section        2  libshutdown.o(.ARM.Collect$$libshutdown$$00000000)
    .ARM.Collect$$libshutdown$$00000002      0x0800015e   Section        0  libshutdown2.o(.ARM.Collect$$libshutdown$$00000002)
    .ARM.Collect$$libshutdown$$00000003      0x0800015e   Section        4  libshutdown2.o(.ARM.Collect$$libshutdown$$00000003)
    .ARM.Collect$$libshutdown$$00000004      0x08000162   Section        0  libshutdown2.o(.ARM.Collect$$libshutdown$$00000004)
    .ARM.Collect$$libshutdown$$00000007      0x08000162   Section        0  libshutdown2.o(.ARM.Collect$$libshutdown$$00000007)
    .ARM.Collect$$libshutdown$$0000000A      0x08000162   Section        0  libshutdown2.o(.ARM.Collect$$libshutdown$$0000000A)
    .ARM.Collect$$libshutdown$$0000000C      0x08000162   Section        0  libshutdown2.o(.ARM.Collect$$libshutdown$$0000000C)
    .ARM.Collect$$libshutdown$$0000000F      0x08000162   Section        0  libshutdown2.o(.ARM.Collect$$libshutdown$$0000000F)
    .ARM.Collect$$libshutdown$$00000010      0x08000162   Section        2  libshutdown2.o(.ARM.Collect$$libshutdown$$00000010)
    .ARM.Collect$$rtentry$$00000000          0x08000164   Section        0  __rtentry.o(.ARM.Collect$$rtentry$$00000000)
    .ARM.Collect$$rtentry$$00000002          0x08000164   Section        0  __rtentry2.o(.ARM.Collect$$rtentry$$00000002)
    .ARM.Collect$$rtentry$$00000004          0x08000164   Section        6  __rtentry4.o(.ARM.Collect$$rtentry$$00000004)
    .ARM.Collect$$rtentry$$00000009          0x0800016a   Section        0  __rtentry2.o(.ARM.Collect$$rtentry$$00000009)
    .ARM.Collect$$rtentry$$0000000A          0x0800016a   Section        4  __rtentry2.o(.ARM.Collect$$rtentry$$0000000A)
    .ARM.Collect$$rtentry$$0000000C          0x0800016e   Section        0  __rtentry2.o(.ARM.Collect$$rtentry$$0000000C)
    .ARM.Collect$$rtentry$$0000000D          0x0800016e   Section        8  __rtentry2.o(.ARM.Collect$$rtentry$$0000000D)
    .ARM.Collect$$rtexit$$00000000           0x08000176   Section        2  rtexit.o(.ARM.Collect$$rtexit$$00000000)
    .ARM.Collect$$rtexit$$00000002           0x08000178   Section        0  rtexit2.o(.ARM.Collect$$rtexit$$00000002)
    .ARM.Collect$$rtexit$$00000003           0x08000178   Section        4  rtexit2.o(.ARM.Collect$$rtexit$$00000003)
    .ARM.Collect$$rtexit$$00000004           0x0800017c   Section        6  rtexit2.o(.ARM.Collect$$rtexit$$00000004)
    .emb_text                                0x08000184   Section        0  maybetermalloc1.o(.emb_text)
    .text                                    0x08000184   Section       56  startup_stm32l053xx.o(.text)
    .text                                    0x080001bc   Section        0  noretval__2printf.o(.text)
    .text                                    0x080001d8   Section        0  __printf.o(.text)
    .text                                    0x08000244   Section        0  _printf_dec.o(.text)
    .text                                    0x080002b0   Section        0  assert.o(.text)
    .text                                    0x0800032c   Section        0  memcmp.o(.text)
    .text                                    0x08000388   Section        0  strcmp.o(.text)
    .text                                    0x08000410   Section      346  aeabi_sdiv.o(.text)
    .text                                    0x0800056a   Section        0  heapauxi.o(.text)
    .text                                    0x08000570   Section        0  _printf_intcommon.o(.text)
    .text                                    0x08000620   Section        0  _printf_char_file.o(.text)
    .text                                    0x08000648   Section        0  abort.o(.text)
    .text                                    0x0800065c   Section        0  rtudiv10.o(.text)
    .text                                    0x08000684   Section        0  sys_wrch.o(.text)
    .text                                    0x08000690   Section        0  sys_exit.o(.text)
    .text                                    0x0800069c   Section        0  _printf_char_common.o(.text)
    _printf_input_char                       0x0800069d   Thumb Code    10  _printf_char_common.o(.text)
    .text                                    0x080006cc   Section        0  ferror.o(.text)
    .text                                    0x080006d4   Section        0  initio.o(.text)
    .text                                    0x08000810   Section        0  defsig_abrt_outer.o(.text)
    .text                                    0x0800081c   Section        2  use_no_semi.o(.text)
    .text                                    0x0800081e   Section        0  indicate_semi.o(.text)
    .text                                    0x0800081e   Section       62  sys_stackheap_outer.o(.text)
    .text                                    0x0800085c   Section        0  h1_free.o(.text)
    .text                                    0x080008a8   Section        0  flsbuf.o(.text)
    .text                                    0x08000a98   Section        0  setvbuf.o(.text)
    .text                                    0x08000ae4   Section        0  fopen.o(.text)
    _freopen_locked                          0x08000ae5   Thumb Code     0  fopen.o(.text)
    .text                                    0x08000bcc   Section        0  fclose.o(.text)
    .text                                    0x08000c18   Section        0  exit.o(.text)
    .text                                    0x08000c28   Section        0  defsig_exit.o(.text)
    .text                                    0x08000c34   Section        0  defsig_abrt_inner.o(.text)
    .text                                    0x08000c64   Section        0  defsig_rtred_outer.o(.text)
    .text                                    0x08000c70   Section        0  rt_memclr.o(.text)
    .text                                    0x08000cb0   Section        8  libspace.o(.text)
    .text                                    0x08000cb8   Section        8  rt_heap_descriptor_intlibspace.o(.text)
    .text                                    0x08000cc0   Section        0  hguard.o(.text)
    .text                                    0x08000cc4   Section        0  init_alloc.o(.text)
    .text                                    0x08000d4c   Section        0  h1_alloc.o(.text)
    .text                                    0x08000db0   Section        0  fseek.o(.text)
    .text                                    0x08000ea4   Section        0  stdio.o(.text)
    .text                                    0x08000f94   Section        0  defsig_general.o(.text)
    .text                                    0x08000fc8   Section        0  defsig_rtred_inner.o(.text)
    .text                                    0x08000ffc   Section        0  assert_stdio.o(.text)
    .text                                    0x08001010   Section        0  h1_init.o(.text)
    .text                                    0x0800101e   Section        0  h1_extend.o(.text)
    .text                                    0x08001054   Section        0  fflush.o(.text)
    .text                                    0x080010bc   Section        0  fputs.o(.text)
    .text                                    0x080010de   Section        0  ftell.o(.text)
    .text                                    0x08001120   Section        0  defsig_rtmem_outer.o(.text)
    .text                                    0x0800112c   Section        8  rt_errno_addr_intlibspace.o(.text)
    .text                                    0x08001134   Section        0  defsig_rtmem_inner.o(.text)
    i.AES_encrypt                            0x08001184   Section        0  aes.o(i.AES_encrypt)
    i.ConfigureRNG                           0x08001598   Section        0  utils.o(i.ConfigureRNG)
    i.Display                                0x080015bc   Section        0  aes.o(i.Display)
    i.SystemClock_Config                     0x080015e4   Section        0  main.o(i.SystemClock_Config)
    i.SystemInit                             0x080016ac   Section        0  system_stm32l0xx.o(i.SystemInit)
    i._sys_close                             0x08001714   Section        0  retarget_io.o(i._sys_close)
    i._sys_flen                              0x08001740   Section        0  retarget_io.o(i._sys_flen)
    i._sys_istty                             0x08001768   Section        0  retarget_io.o(i._sys_istty)
    i._sys_open                              0x08001790   Section        0  retarget_io.o(i._sys_open)
    i._sys_seek                              0x08001800   Section        0  retarget_io.o(i._sys_seek)
    i._sys_write                             0x08001830   Section        0  retarget_io.o(i._sys_write)
    i.delayCycles                            0x08001874   Section        0  utils.o(i.delayCycles)
    i.fputc                                  0x08001882   Section        0  fputc.o(i.fputc)
    i.getrn                                  0x080018a0   Section        0  utils.o(i.getrn)
    i.main                                   0x080018bc   Section        0  main.o(i.main)
    i.mystdout_init                          0x08001a10   Section        0  utils.o(i.mystdout_init)
    i.private_AES_set_encrypt_key            0x08001a84   Section        0  aes.o(i.private_AES_set_encrypt_key)
    i.rdser                                  0x08001d78   Section        0  utils.o(i.rdser)
    i.stdin_getchar                          0x08001db4   Section        0  utils.o(i.stdin_getchar)
    i.stdout_putchar                         0x08001dd0   Section        0  utils.o(i.stdout_putchar)
    .constdata                               0x08001dec   Section     8488  aes.o(.constdata)
    Te0                                      0x08001dec   Data        1024  aes.o(.constdata)
    Te1                                      0x080021ec   Data        1024  aes.o(.constdata)
    Te2                                      0x080025ec   Data        1024  aes.o(.constdata)
    Te3                                      0x080029ec   Data        1024  aes.o(.constdata)
    Td0                                      0x08002dec   Data        1024  aes.o(.constdata)
    Td1                                      0x080031ec   Data        1024  aes.o(.constdata)
    Td2                                      0x080035ec   Data        1024  aes.o(.constdata)
    Td3                                      0x080039ec   Data        1024  aes.o(.constdata)
    Td4                                      0x08003dec   Data         256  aes.o(.constdata)
    rcon                                     0x08003eec   Data          40  aes.o(.constdata)
    .constdata                               0x08003f14   Section       23  retarget_io.o(.constdata)
    .data                                    0x20000000   Section        4  stdio_streams.o(.data)
    .data                                    0x20000004   Section        4  stdio_streams.o(.data)
    .data                                    0x20000008   Section        4  stdio_streams.o(.data)
    .bss                                     0x2000000c   Section       84  stdio_streams.o(.bss)
    .bss                                     0x20000060   Section       84  stdio_streams.o(.bss)
    .bss                                     0x200000b4   Section       84  stdio_streams.o(.bss)
    .bss                                     0x20000108   Section       96  libspace.o(.bss)
    HEAP                                     0x20000168   Section      512  startup_stm32l053xx.o(HEAP)
    Heap_Mem                                 0x20000168   Data         512  startup_stm32l053xx.o(HEAP)
    STACK                                    0x20000368   Section     1024  startup_stm32l053xx.o(STACK)
    Stack_Mem                                0x20000368   Data        1024  startup_stm32l053xx.o(STACK)
    __initial_sp                             0x20000768   Data           0  startup_stm32l053xx.o(STACK)

    Global Symbols

    Symbol Name                              Value     Ov Type        Size  Object(Section)

    BuildAttributes$$THM_ISAv3M$S$PE$A:L22$X:L11$S22$IEEE1$IW$USESV6$~STKCKD$USESV7$~SHL$OTIME$ROPI$EBA8$UX$STANDARDLIB$REQ8$PRES8$EABIv2 0x00000000   Number         0  anon$$obj.o ABSOLUTE
    __ARM_use_no_argv                        0x00000000   Number         0  main.o ABSOLUTE
    __ARM_exceptions_init                     - Undefined Weak Reference
    __alloca_initialize                       - Undefined Weak Reference
    __arm_preinit_                            - Undefined Weak Reference
    __cpp_initialize__aeabi_                  - Undefined Weak Reference
    __cxa_finalize                            - Undefined Weak Reference
    __rt_locale                               - Undefined Weak Reference
    __sigvec_lookup                           - Undefined Weak Reference
    __user_heap_extent                        - Undefined Weak Reference
    _atexit_init                              - Undefined Weak Reference
    _call_atexit_fns                          - Undefined Weak Reference
    _clock_init                               - Undefined Weak Reference
    _fp_trap_init                             - Undefined Weak Reference
    _fp_trap_shutdown                         - Undefined Weak Reference
    _get_lc_collate                           - Undefined Weak Reference
    _get_lc_ctype                             - Undefined Weak Reference
    _get_lc_monetary                          - Undefined Weak Reference
    _get_lc_numeric                           - Undefined Weak Reference
    _get_lc_time                              - Undefined Weak Reference
    _getenv_init                              - Undefined Weak Reference
    _handle_redirection                       - Undefined Weak Reference
    _mutex_acquire                            - Undefined Weak Reference
    _mutex_free                               - Undefined Weak Reference
    _mutex_release                            - Undefined Weak Reference
    _printf_post_padding                      - Undefined Weak Reference
    _printf_pre_padding                       - Undefined Weak Reference
    _printf_truncate_signed                   - Undefined Weak Reference
    _printf_truncate_unsigned                 - Undefined Weak Reference
    _rand_init                                - Undefined Weak Reference
    _signal_finish                            - Undefined Weak Reference
    _signal_init                              - Undefined Weak Reference
    __Vectors_Size                           0x000000c0   Number         0  startup_stm32l053xx.o ABSOLUTE
    __Vectors                                0x08000000   Data           4  startup_stm32l053xx.o(RESET)
    __Vectors_End                            0x080000c0   Data           0  startup_stm32l053xx.o(RESET)
    __main                                   0x080000c1   Thumb Code     8  __main.o(!!!main)
    __scatterload                            0x080000c9   Thumb Code     0  __scatter.o(!!!scatter)
    __scatterload_rt2                        0x080000c9   Thumb Code    52  __scatter.o(!!!scatter)
    __scatterload_rt2_thumb_only             0x080000c9   Thumb Code     0  __scatter.o(!!!scatter)
    __scatterload_null                       0x080000d9   Thumb Code     0  __scatter.o(!!!scatter)
    __scatterload_copy                       0x08000105   Thumb Code    26  __scatter_copy.o(!!handler_copy)
    __scatterload_zeroinit                   0x08000121   Thumb Code    28  __scatter_zi.o(!!handler_zi)
    _printf_percent                          0x0800013d   Thumb Code     0  _printf_percent.o(.ARM.Collect$$_printf_percent$$00000000)
    _printf_d                                0x0800013f   Thumb Code     0  _printf_d.o(.ARM.Collect$$_printf_percent$$00000009)
    _printf_percent_end                      0x08000149   Thumb Code     0  _printf_percent_end.o(.ARM.Collect$$_printf_percent$$00000017)
    __rt_lib_init                            0x0800014d   Thumb Code     0  libinit.o(.ARM.Collect$$libinit$$00000000)
    __rt_lib_init_fp_1                       0x0800014f   Thumb Code     0  libinit2.o(.ARM.Collect$$libinit$$00000002)
    __rt_lib_init_heap_2                     0x0800014f   Thumb Code     0  libinit2.o(.ARM.Collect$$libinit$$00000005)
    __rt_lib_init_preinit_1                  0x0800014f   Thumb Code     0  libinit2.o(.ARM.Collect$$libinit$$00000004)
    __rt_lib_init_atexit_1                   0x08000157   Thumb Code     0  libinit2.o(.ARM.Collect$$libinit$$0000001B)
    __rt_lib_init_clock_1                    0x08000157   Thumb Code     0  libinit2.o(.ARM.Collect$$libinit$$00000021)
    __rt_lib_init_fp_trap_1                  0x08000157   Thumb Code     0  libinit2.o(.ARM.Collect$$libinit$$0000001F)
    __rt_lib_init_getenv_1                   0x08000157   Thumb Code     0  libinit2.o(.ARM.Collect$$libinit$$00000023)
    __rt_lib_init_heap_1                     0x08000157   Thumb Code     0  libinit2.o(.ARM.Collect$$libinit$$0000000A)
    __rt_lib_init_lc_collate_1               0x08000157   Thumb Code     0  libinit2.o(.ARM.Collect$$libinit$$00000011)
    __rt_lib_init_lc_ctype_1                 0x08000157   Thumb Code     0  libinit2.o(.ARM.Collect$$libinit$$00000013)
    __rt_lib_init_lc_monetary_1              0x08000157   Thumb Code     0  libinit2.o(.ARM.Collect$$libinit$$00000015)
    __rt_lib_init_lc_numeric_1               0x08000157   Thumb Code     0  libinit2.o(.ARM.Collect$$libinit$$00000017)
    __rt_lib_init_lc_time_1                  0x08000157   Thumb Code     0  libinit2.o(.ARM.Collect$$libinit$$00000019)
    __rt_lib_init_rand_1                     0x08000157   Thumb Code     0  libinit2.o(.ARM.Collect$$libinit$$0000000E)
    __rt_lib_init_signal_1                   0x08000157   Thumb Code     0  libinit2.o(.ARM.Collect$$libinit$$0000001D)
    __rt_lib_init_stdio_2                    0x08000157   Thumb Code     0  libinit2.o(.ARM.Collect$$libinit$$00000024)
    __rt_lib_init_user_alloc_1               0x08000157   Thumb Code     0  libinit2.o(.ARM.Collect$$libinit$$0000000C)
    __rt_lib_init_alloca_1                   0x0800015b   Thumb Code     0  libinit2.o(.ARM.Collect$$libinit$$0000002E)
    __rt_lib_init_argv_1                     0x0800015b   Thumb Code     0  libinit2.o(.ARM.Collect$$libinit$$0000002C)
    __rt_lib_init_cpp_1                      0x0800015b   Thumb Code     0  libinit2.o(.ARM.Collect$$libinit$$00000032)
    __rt_lib_init_exceptions_1               0x0800015b   Thumb Code     0  libinit2.o(.ARM.Collect$$libinit$$00000030)
    __rt_lib_init_return                     0x0800015b   Thumb Code     0  libinit2.o(.ARM.Collect$$libinit$$00000033)
    __rt_lib_init_stdio_1                    0x0800015b   Thumb Code     0  libinit2.o(.ARM.Collect$$libinit$$00000025)
    __rt_lib_shutdown                        0x0800015d   Thumb Code     0  libshutdown.o(.ARM.Collect$$libshutdown$$00000000)
    __rt_lib_shutdown_cpp_1                  0x0800015f   Thumb Code     0  libshutdown2.o(.ARM.Collect$$libshutdown$$00000002)
    __rt_lib_shutdown_stdio_2                0x0800015f   Thumb Code     0  libshutdown2.o(.ARM.Collect$$libshutdown$$00000003)
    __rt_lib_shutdown_fp_trap_1              0x08000163   Thumb Code     0  libshutdown2.o(.ARM.Collect$$libshutdown$$00000007)
    __rt_lib_shutdown_heap_1                 0x08000163   Thumb Code     0  libshutdown2.o(.ARM.Collect$$libshutdown$$0000000F)
    __rt_lib_shutdown_return                 0x08000163   Thumb Code     0  libshutdown2.o(.ARM.Collect$$libshutdown$$00000010)
    __rt_lib_shutdown_signal_1               0x08000163   Thumb Code     0  libshutdown2.o(.ARM.Collect$$libshutdown$$0000000A)
    __rt_lib_shutdown_stdio_1                0x08000163   Thumb Code     0  libshutdown2.o(.ARM.Collect$$libshutdown$$00000004)
    __rt_lib_shutdown_user_alloc_1           0x08000163   Thumb Code     0  libshutdown2.o(.ARM.Collect$$libshutdown$$0000000C)
    __rt_entry                               0x08000165   Thumb Code     0  __rtentry.o(.ARM.Collect$$rtentry$$00000000)
    __rt_entry_presh_1                       0x08000165   Thumb Code     0  __rtentry2.o(.ARM.Collect$$rtentry$$00000002)
    __rt_entry_sh                            0x08000165   Thumb Code     0  __rtentry4.o(.ARM.Collect$$rtentry$$00000004)
    __rt_entry_li                            0x0800016b   Thumb Code     0  __rtentry2.o(.ARM.Collect$$rtentry$$0000000A)
    __rt_entry_postsh_1                      0x0800016b   Thumb Code     0  __rtentry2.o(.ARM.Collect$$rtentry$$00000009)
    __rt_entry_main                          0x0800016f   Thumb Code     0  __rtentry2.o(.ARM.Collect$$rtentry$$0000000D)
    __rt_entry_postli_1                      0x0800016f   Thumb Code     0  __rtentry2.o(.ARM.Collect$$rtentry$$0000000C)
    __rt_exit                                0x08000177   Thumb Code     0  rtexit.o(.ARM.Collect$$rtexit$$00000000)
    __rt_exit_ls                             0x08000179   Thumb Code     0  rtexit2.o(.ARM.Collect$$rtexit$$00000003)
    __rt_exit_prels_1                        0x08000179   Thumb Code     0  rtexit2.o(.ARM.Collect$$rtexit$$00000002)
    __rt_exit_exit                           0x0800017d   Thumb Code     0  rtexit2.o(.ARM.Collect$$rtexit$$00000004)
    Reset_Handler                            0x08000185   Thumb Code     8  startup_stm32l053xx.o(.text)
    _maybe_terminate_alloc                   0x08000185   Thumb Code     0  maybetermalloc1.o(.emb_text)
    NMI_Handler                              0x0800018d   Thumb Code     2  startup_stm32l053xx.o(.text)
    HardFault_Handler                        0x0800018f   Thumb Code     2  startup_stm32l053xx.o(.text)
    SVC_Handler                              0x08000191   Thumb Code     2  startup_stm32l053xx.o(.text)
    PendSV_Handler                           0x08000193   Thumb Code     2  startup_stm32l053xx.o(.text)
    SysTick_Handler                          0x08000195   Thumb Code     2  startup_stm32l053xx.o(.text)
    ADC1_COMP_IRQHandler                     0x08000197   Thumb Code     0  startup_stm32l053xx.o(.text)
    DMA1_Channel1_IRQHandler                 0x08000197   Thumb Code     0  startup_stm32l053xx.o(.text)
    DMA1_Channel2_3_IRQHandler               0x08000197   Thumb Code     0  startup_stm32l053xx.o(.text)
    DMA1_Channel4_5_6_7_IRQHandler           0x08000197   Thumb Code     0  startup_stm32l053xx.o(.text)
    EXTI0_1_IRQHandler                       0x08000197   Thumb Code     0  startup_stm32l053xx.o(.text)
    EXTI2_3_IRQHandler                       0x08000197   Thumb Code     0  startup_stm32l053xx.o(.text)
    EXTI4_15_IRQHandler                      0x08000197   Thumb Code     0  startup_stm32l053xx.o(.text)
    FLASH_IRQHandler                         0x08000197   Thumb Code     0  startup_stm32l053xx.o(.text)
    I2C1_IRQHandler                          0x08000197   Thumb Code     0  startup_stm32l053xx.o(.text)
    I2C2_IRQHandler                          0x08000197   Thumb Code     0  startup_stm32l053xx.o(.text)
    LCD_IRQHandler                           0x08000197   Thumb Code     0  startup_stm32l053xx.o(.text)
    LPTIM1_IRQHandler                        0x08000197   Thumb Code     0  startup_stm32l053xx.o(.text)
    PVD_IRQHandler                           0x08000197   Thumb Code     0  startup_stm32l053xx.o(.text)
    RCC_CRS_IRQHandler                       0x08000197   Thumb Code     0  startup_stm32l053xx.o(.text)
    RNG_LPUART1_IRQHandler                   0x08000197   Thumb Code     0  startup_stm32l053xx.o(.text)
    RTC_IRQHandler                           0x08000197   Thumb Code     0  startup_stm32l053xx.o(.text)
    SPI1_IRQHandler                          0x08000197   Thumb Code     0  startup_stm32l053xx.o(.text)
    SPI2_IRQHandler                          0x08000197   Thumb Code     0  startup_stm32l053xx.o(.text)
    TIM21_IRQHandler                         0x08000197   Thumb Code     0  startup_stm32l053xx.o(.text)
    TIM22_IRQHandler                         0x08000197   Thumb Code     0  startup_stm32l053xx.o(.text)
    TIM2_IRQHandler                          0x08000197   Thumb Code     0  startup_stm32l053xx.o(.text)
    TIM6_DAC_IRQHandler                      0x08000197   Thumb Code     0  startup_stm32l053xx.o(.text)
    TSC_IRQHandler                           0x08000197   Thumb Code     0  startup_stm32l053xx.o(.text)
    USART1_IRQHandler                        0x08000197   Thumb Code     0  startup_stm32l053xx.o(.text)
    USART2_IRQHandler                        0x08000197   Thumb Code     0  startup_stm32l053xx.o(.text)
    USB_IRQHandler                           0x08000197   Thumb Code     0  startup_stm32l053xx.o(.text)
    WWDG_IRQHandler                          0x08000197   Thumb Code     0  startup_stm32l053xx.o(.text)
    __user_initial_stackheap                 0x08000199   Thumb Code     0  startup_stm32l053xx.o(.text)
    __2printf                                0x080001bd   Thumb Code    22  noretval__2printf.o(.text)
    __printf                                 0x080001d9   Thumb Code   108  __printf.o(.text)
    _printf_int_dec                          0x08000245   Thumb Code    90  _printf_dec.o(.text)
    __aeabi_assert                           0x080002b1   Thumb Code    82  assert.o(.text)
    __assert                                 0x080002b1   Thumb Code     0  assert.o(.text)
    memcmp                                   0x0800032d   Thumb Code    90  memcmp.o(.text)
    strcmp                                   0x08000389   Thumb Code   132  strcmp.o(.text)
    __aeabi_uidiv                            0x08000411   Thumb Code     0  aeabi_sdiv.o(.text)
    __aeabi_uidivmod                         0x08000411   Thumb Code    20  aeabi_sdiv.o(.text)
    __aeabi_idiv                             0x08000425   Thumb Code     0  aeabi_sdiv.o(.text)
    __aeabi_idivmod                          0x08000425   Thumb Code   326  aeabi_sdiv.o(.text)
    __use_two_region_memory                  0x0800056b   Thumb Code     2  heapauxi.o(.text)
    __rt_heap_escrow                         0x0800056d   Thumb Code     2  heapauxi.o(.text)
    __rt_heap_expand                         0x0800056f   Thumb Code     2  heapauxi.o(.text)
    _printf_int_common                       0x08000571   Thumb Code   176  _printf_intcommon.o(.text)
    _printf_char_file                        0x08000621   Thumb Code    34  _printf_char_file.o(.text)
    abort                                    0x08000649   Thumb Code    20  abort.o(.text)
    __rt_udiv10                              0x0800065d   Thumb Code    40  rtudiv10.o(.text)
    _ttywrch                                 0x08000685   Thumb Code    12  sys_wrch.o(.text)
    _sys_exit                                0x08000691   Thumb Code     8  sys_exit.o(.text)
    _printf_char_common                      0x080006a7   Thumb Code    32  _printf_char_common.o(.text)
    ferror                                   0x080006cd   Thumb Code     8  ferror.o(.text)
    _initio                                  0x080006d5   Thumb Code   216  initio.o(.text)
    _terminateio                             0x080007ad   Thumb Code    56  initio.o(.text)
    __rt_SIGABRT                             0x08000811   Thumb Code    12  defsig_abrt_outer.o(.text)
    __I$use$semihosting                      0x0800081d   Thumb Code     0  use_no_semi.o(.text)
    __use_no_semihosting_swi                 0x0800081d   Thumb Code     2  use_no_semi.o(.text)
    __semihosting_library_function           0x0800081f   Thumb Code     0  indicate_semi.o(.text)
    __user_setup_stackheap                   0x0800081f   Thumb Code    62  sys_stackheap_outer.o(.text)
    free                                     0x0800085d   Thumb Code    76  h1_free.o(.text)
    __flsbuf                                 0x080008a9   Thumb Code   486  flsbuf.o(.text)
    __flsbuf_byte                            0x080008a9   Thumb Code     0  flsbuf.o(.text)
    __flsbuf_wide                            0x080008a9   Thumb Code     0  flsbuf.o(.text)
    setvbuf                                  0x08000a99   Thumb Code    72  setvbuf.o(.text)
    freopen                                  0x08000ae5   Thumb Code   148  fopen.o(.text)
    fopen                                    0x08000b79   Thumb Code    76  fopen.o(.text)
    _fclose_internal                         0x08000bcd   Thumb Code    72  fclose.o(.text)
    fclose                                   0x08000bcd   Thumb Code     0  fclose.o(.text)
    exit                                     0x08000c19   Thumb Code    16  exit.o(.text)
    __sig_exit                               0x08000c29   Thumb Code    12  defsig_exit.o(.text)
    __rt_SIGABRT_inner                       0x08000c35   Thumb Code    14  defsig_abrt_inner.o(.text)
    __rt_SIGRTRED                            0x08000c65   Thumb Code    12  defsig_rtred_outer.o(.text)
    _memset_w                                0x08000c71   Thumb Code    26  rt_memclr.o(.text)
    _memset                                  0x08000c8b   Thumb Code    30  rt_memclr.o(.text)
    __aeabi_memclr                           0x08000ca9   Thumb Code     4  rt_memclr.o(.text)
    __rt_memclr                              0x08000ca9   Thumb Code     0  rt_memclr.o(.text)
    __aeabi_memclr4                          0x08000cad   Thumb Code     0  rt_memclr.o(.text)
    __aeabi_memclr8                          0x08000cad   Thumb Code     0  rt_memclr.o(.text)
    __rt_memclr_w                            0x08000cad   Thumb Code     4  rt_memclr.o(.text)
    __user_libspace                          0x08000cb1   Thumb Code     8  libspace.o(.text)
    __user_perproc_libspace                  0x08000cb1   Thumb Code     0  libspace.o(.text)
    __user_perthread_libspace                0x08000cb1   Thumb Code     0  libspace.o(.text)
    __rt_heap_descriptor                     0x08000cb9   Thumb Code     8  rt_heap_descriptor_intlibspace.o(.text)
    __use_no_heap                            0x08000cc1   Thumb Code     2  hguard.o(.text)
    __heap$guard                             0x08000cc3   Thumb Code     2  hguard.o(.text)
    _terminate_user_alloc                    0x08000cc5   Thumb Code     2  init_alloc.o(.text)
    _init_user_alloc                         0x08000cc7   Thumb Code     2  init_alloc.o(.text)
    __Heap_Full                              0x08000cc9   Thumb Code    32  init_alloc.o(.text)
    __Heap_Broken                            0x08000ce9   Thumb Code    10  init_alloc.o(.text)
    _init_alloc                              0x08000cf3   Thumb Code    90  init_alloc.o(.text)
    malloc                                   0x08000d4d   Thumb Code    98  h1_alloc.o(.text)
    _fseek                                   0x08000db1   Thumb Code   240  fseek.o(.text)
    fseek                                    0x08000db1   Thumb Code     0  fseek.o(.text)
    _seterr                                  0x08000ea5   Thumb Code    20  stdio.o(.text)
    _writebuf                                0x08000eb9   Thumb Code    76  stdio.o(.text)
    _fflush                                  0x08000f05   Thumb Code    76  stdio.o(.text)
    _deferredlazyseek                        0x08000f51   Thumb Code    60  stdio.o(.text)
    __default_signal_display                 0x08000f95   Thumb Code    52  defsig_general.o(.text)
    __rt_SIGRTRED_inner                      0x08000fc9   Thumb Code    14  defsig_rtred_inner.o(.text)
    __assert_puts                            0x08000ffd   Thumb Code    16  assert_stdio.o(.text)
    __Heap_Initialize                        0x08001011   Thumb Code    10  h1_init.o(.text)
    __Heap_DescSize                          0x0800101b   Thumb Code     4  h1_init.o(.text)
    __Heap_ProvideMemory                     0x0800101f   Thumb Code    52  h1_extend.o(.text)
    _do_fflush                               0x08001055   Thumb Code    54  fflush.o(.text)
    fflush                                   0x0800108b   Thumb Code    46  fflush.o(.text)
    fputs                                    0x080010bd   Thumb Code    34  fputs.o(.text)
    _ftell_internal                          0x080010df   Thumb Code    66  ftell.o(.text)
    ftell                                    0x080010df   Thumb Code     0  ftell.o(.text)
    __rt_SIGRTMEM                            0x08001121   Thumb Code    12  defsig_rtmem_outer.o(.text)
    __aeabi_errno_addr                       0x0800112d   Thumb Code     8  rt_errno_addr_intlibspace.o(.text)
    __errno$intlibspace                      0x0800112d   Thumb Code     0  rt_errno_addr_intlibspace.o(.text)
    __rt_errno_addr$intlibspace              0x0800112d   Thumb Code     0  rt_errno_addr_intlibspace.o(.text)
    __rt_SIGRTMEM_inner                      0x08001135   Thumb Code    22  defsig_rtmem_inner.o(.text)
    AES_encrypt                              0x08001185   Thumb Code   998  aes.o(i.AES_encrypt)
    ConfigureRNG                             0x08001599   Thumb Code    28  utils.o(i.ConfigureRNG)
    Display                                  0x080015bd   Thumb Code    32  aes.o(i.Display)
    SystemClock_Config                       0x080015e5   Thumb Code   190  main.o(i.SystemClock_Config)
    SystemInit                               0x080016ad   Thumb Code    88  system_stm32l0xx.o(i.SystemInit)
    _sys_close                               0x08001715   Thumb Code    38  retarget_io.o(i._sys_close)
    _sys_flen                                0x08001741   Thumb Code    36  retarget_io.o(i._sys_flen)
    _sys_istty                               0x08001769   Thumb Code    36  retarget_io.o(i._sys_istty)
    _sys_open                                0x08001791   Thumb Code    84  retarget_io.o(i._sys_open)
    _sys_seek                                0x08001801   Thumb Code    44  retarget_io.o(i._sys_seek)
    _sys_write                               0x08001831   Thumb Code    64  retarget_io.o(i._sys_write)
    delayCycles                              0x08001875   Thumb Code    14  utils.o(i.delayCycles)
    fputc                                    0x08001883   Thumb Code    30  fputc.o(i.fputc)
    getrn                                    0x080018a1   Thumb Code    22  utils.o(i.getrn)
    main                                     0x080018bd   Thumb Code   284  main.o(i.main)
    mystdout_init                            0x08001a11   Thumb Code   108  utils.o(i.mystdout_init)
    private_AES_set_encrypt_key              0x08001a85   Thumb Code   734  aes.o(i.private_AES_set_encrypt_key)
    rdser                                    0x08001d79   Thumb Code    58  utils.o(i.rdser)
    stdin_getchar                            0x08001db5   Thumb Code    22  utils.o(i.stdin_getchar)
    stdout_putchar                           0x08001dd1   Thumb Code    22  utils.o(i.stdout_putchar)
    __stdin_name                             0x08003f14   Data           7  retarget_io.o(.constdata)
    __stdout_name                            0x08003f1b   Data           8  retarget_io.o(.constdata)
    __stderr_name                            0x08003f23   Data           8  retarget_io.o(.constdata)
    Region$$Table$$Base                      0x08003f2c   Number         0  anon$$obj.o(Region$$Table)
    Region$$Table$$Limit                     0x08003f4c   Number         0  anon$$obj.o(Region$$Table)
    __aeabi_stdin                            0x20000000   Data           4  stdio_streams.o(.data)
    __aeabi_stdout                           0x20000004   Data           4  stdio_streams.o(.data)
    __aeabi_stderr                           0x20000008   Data           4  stdio_streams.o(.data)
    __stdin                                  0x2000000c   Data          84  stdio_streams.o(.bss)
    __stdout                                 0x20000060   Data          84  stdio_streams.o(.bss)
    __stderr                                 0x200000b4   Data          84  stdio_streams.o(.bss)
    __libspace_start                         0x20000108   Data          96  libspace.o(.bss)
    __temporary_stack_top$libspace           0x20000168   Data           0  libspace.o(.bss)



==============================================================================

Memory Map of the image

  Image Entry point : 0x080000c1

  Load Region LR_IROM1 (Base: 0x08000000, Size: 0x00003f58, Max: 0x00010000, ABSOLUTE)

    Execution Region ER_IROM1 (Base: 0x08000000, Size: 0x00003f4c, Max: 0x00010000, ABSOLUTE)

    Base Addr    Size         Type   Attr      Idx    E Section Name        Object

    0x08000000   0x000000c0   Data   RO          244    RESET               startup_stm32l053xx.o
    0x080000c0   0x00000008   Code   RO          326  * !!!main             c_p.l(__main.o)
    0x080000c8   0x0000003c   Code   RO          692    !!!scatter          c_p.l(__scatter.o)
    0x08000104   0x0000001a   Code   RO          694    !!handler_copy      c_p.l(__scatter_copy.o)
    0x0800011e   0x00000002   PAD
    0x08000120   0x0000001c   Code   RO          696    !!handler_zi        c_p.l(__scatter_zi.o)
    0x0800013c   0x00000002   Code   RO          313    .ARM.Collect$$_printf_percent$$00000000  c_p.l(_printf_percent.o)
    0x0800013e   0x0000000a   Code   RO          312    .ARM.Collect$$_printf_percent$$00000009  c_p.l(_printf_d.o)
    0x08000148   0x00000004   Code   RO          337    .ARM.Collect$$_printf_percent$$00000017  c_p.l(_printf_percent_end.o)
    0x0800014c   0x00000002   Code   RO          493    .ARM.Collect$$libinit$$00000000  c_p.l(libinit.o)
    0x0800014e   0x00000000   Code   RO          495    .ARM.Collect$$libinit$$00000002  c_p.l(libinit2.o)
    0x0800014e   0x00000000   Code   RO          497    .ARM.Collect$$libinit$$00000004  c_p.l(libinit2.o)
    0x0800014e   0x00000008   Code   RO          498    .ARM.Collect$$libinit$$00000005  c_p.l(libinit2.o)
    0x08000156   0x00000000   Code   RO          500    .ARM.Collect$$libinit$$0000000A  c_p.l(libinit2.o)
    0x08000156   0x00000000   Code   RO          502    .ARM.Collect$$libinit$$0000000C  c_p.l(libinit2.o)
    0x08000156   0x00000000   Code   RO          504    .ARM.Collect$$libinit$$0000000E  c_p.l(libinit2.o)
    0x08000156   0x00000000   Code   RO          507    .ARM.Collect$$libinit$$00000011  c_p.l(libinit2.o)
    0x08000156   0x00000000   Code   RO          509    .ARM.Collect$$libinit$$00000013  c_p.l(libinit2.o)
    0x08000156   0x00000000   Code   RO          511    .ARM.Collect$$libinit$$00000015  c_p.l(libinit2.o)
    0x08000156   0x00000000   Code   RO          513    .ARM.Collect$$libinit$$00000017  c_p.l(libinit2.o)
    0x08000156   0x00000000   Code   RO          515    .ARM.Collect$$libinit$$00000019  c_p.l(libinit2.o)
    0x08000156   0x00000000   Code   RO          517    .ARM.Collect$$libinit$$0000001B  c_p.l(libinit2.o)
    0x08000156   0x00000000   Code   RO          519    .ARM.Collect$$libinit$$0000001D  c_p.l(libinit2.o)
    0x08000156   0x00000000   Code   RO          521    .ARM.Collect$$libinit$$0000001F  c_p.l(libinit2.o)
    0x08000156   0x00000000   Code   RO          523    .ARM.Collect$$libinit$$00000021  c_p.l(libinit2.o)
    0x08000156   0x00000000   Code   RO          525    .ARM.Collect$$libinit$$00000023  c_p.l(libinit2.o)
    0x08000156   0x00000004   Code   RO          526    .ARM.Collect$$libinit$$00000024  c_p.l(libinit2.o)
    0x0800015a   0x00000000   Code   RO          527    .ARM.Collect$$libinit$$00000025  c_p.l(libinit2.o)
    0x0800015a   0x00000000   Code   RO          531    .ARM.Collect$$libinit$$0000002C  c_p.l(libinit2.o)
    0x0800015a   0x00000000   Code   RO          533    .ARM.Collect$$libinit$$0000002E  c_p.l(libinit2.o)
    0x0800015a   0x00000000   Code   RO          535    .ARM.Collect$$libinit$$00000030  c_p.l(libinit2.o)
    0x0800015a   0x00000000   Code   RO          537    .ARM.Collect$$libinit$$00000032  c_p.l(libinit2.o)
    0x0800015a   0x00000002   Code   RO          538    .ARM.Collect$$libinit$$00000033  c_p.l(libinit2.o)
    0x0800015c   0x00000002   Code   RO          685    .ARM.Collect$$libshutdown$$00000000  c_p.l(libshutdown.o)
    0x0800015e   0x00000000   Code   RO          540    .ARM.Collect$$libshutdown$$00000002  c_p.l(libshutdown2.o)
    0x0800015e   0x00000004   Code   RO          541    .ARM.Collect$$libshutdown$$00000003  c_p.l(libshutdown2.o)
    0x08000162   0x00000000   Code   RO          542    .ARM.Collect$$libshutdown$$00000004  c_p.l(libshutdown2.o)
    0x08000162   0x00000000   Code   RO          545    .ARM.Collect$$libshutdown$$00000007  c_p.l(libshutdown2.o)
    0x08000162   0x00000000   Code   RO          548    .ARM.Collect$$libshutdown$$0000000A  c_p.l(libshutdown2.o)
    0x08000162   0x00000000   Code   RO          550    .ARM.Collect$$libshutdown$$0000000C  c_p.l(libshutdown2.o)
    0x08000162   0x00000000   Code   RO          553    .ARM.Collect$$libshutdown$$0000000F  c_p.l(libshutdown2.o)
    0x08000162   0x00000002   Code   RO          554    .ARM.Collect$$libshutdown$$00000010  c_p.l(libshutdown2.o)
    0x08000164   0x00000000   Code   RO          328    .ARM.Collect$$rtentry$$00000000  c_p.l(__rtentry.o)
    0x08000164   0x00000000   Code   RO          355    .ARM.Collect$$rtentry$$00000002  c_p.l(__rtentry2.o)
    0x08000164   0x00000006   Code   RO          367    .ARM.Collect$$rtentry$$00000004  c_p.l(__rtentry4.o)
    0x0800016a   0x00000000   Code   RO          357    .ARM.Collect$$rtentry$$00000009  c_p.l(__rtentry2.o)
    0x0800016a   0x00000004   Code   RO          358    .ARM.Collect$$rtentry$$0000000A  c_p.l(__rtentry2.o)
    0x0800016e   0x00000000   Code   RO          360    .ARM.Collect$$rtentry$$0000000C  c_p.l(__rtentry2.o)
    0x0800016e   0x00000008   Code   RO          361    .ARM.Collect$$rtentry$$0000000D  c_p.l(__rtentry2.o)
    0x08000176   0x00000002   Code   RO          561    .ARM.Collect$$rtexit$$00000000  c_p.l(rtexit.o)
    0x08000178   0x00000000   Code   RO          619    .ARM.Collect$$rtexit$$00000002  c_p.l(rtexit2.o)
    0x08000178   0x00000004   Code   RO          620    .ARM.Collect$$rtexit$$00000003  c_p.l(rtexit2.o)
    0x0800017c   0x00000006   Code   RO          621    .ARM.Collect$$rtexit$$00000004  c_p.l(rtexit2.o)
    0x08000182   0x00000002   PAD
    0x08000184   0x00000000   Code   RO          625    .emb_text           c_p.l(maybetermalloc1.o)
    0x08000184   0x00000038   Code   RO          245    .text               startup_stm32l053xx.o
    0x080001bc   0x0000001c   Code   RO          286    .text               c_p.l(noretval__2printf.o)
    0x080001d8   0x0000006c   Code   RO          288    .text               c_p.l(__printf.o)
    0x08000244   0x0000006c   Code   RO          290    .text               c_p.l(_printf_dec.o)
    0x080002b0   0x0000007c   Code   RO          314    .text               c_p.l(assert.o)
    0x0800032c   0x0000005a   Code   RO          316    .text               c_p.l(memcmp.o)
    0x08000386   0x00000002   PAD
    0x08000388   0x00000088   Code   RO          318    .text               c_p.l(strcmp.o)
    0x08000410   0x0000015a   Code   RO          320    .text               c_p.l(aeabi_sdiv.o)
    0x0800056a   0x00000006   Code   RO          324    .text               c_p.l(heapauxi.o)
    0x08000570   0x000000b0   Code   RO          333    .text               c_p.l(_printf_intcommon.o)
    0x08000620   0x00000028   Code   RO          335    .text               c_p.l(_printf_char_file.o)
    0x08000648   0x00000014   Code   RO          344    .text               c_p.l(abort.o)
    0x0800065c   0x00000028   Code   RO          348    .text               c_p.l(rtudiv10.o)
    0x08000684   0x0000000c   Code   RO          350    .text               c_p.l(sys_wrch.o)
    0x08000690   0x0000000c   Code   RO          352    .text               c_p.l(sys_exit.o)
    0x0800069c   0x00000030   Code   RO          371    .text               c_p.l(_printf_char_common.o)
    0x080006cc   0x00000008   Code   RO          373    .text               c_p.l(ferror.o)
    0x080006d4   0x0000013c   Code   RO          379    .text               c_p.l(initio.o)
    0x08000810   0x0000000c   Code   RO          387    .text               c_p.l(defsig_abrt_outer.o)
    0x0800081c   0x00000002   Code   RO          391    .text               c_p.l(use_no_semi.o)
    0x0800081e   0x00000000   Code   RO          395    .text               c_p.l(indicate_semi.o)
    0x0800081e   0x0000003e   Code   RO          396    .text               c_p.l(sys_stackheap_outer.o)
    0x0800085c   0x0000004c   Code   RO          403    .text               c_p.l(h1_free.o)
    0x080008a8   0x000001f0   Code   RO          459    .text               c_p.l(flsbuf.o)
    0x08000a98   0x0000004c   Code   RO          461    .text               c_p.l(setvbuf.o)
    0x08000ae4   0x000000e8   Code   RO          464    .text               c_p.l(fopen.o)
    0x08000bcc   0x0000004c   Code   RO          466    .text               c_p.l(fclose.o)
    0x08000c18   0x00000010   Code   RO          472    .text               c_p.l(exit.o)
    0x08000c28   0x0000000c   Code   RO          474    .text               c_p.l(defsig_exit.o)
    0x08000c34   0x00000030   Code   RO          476    .text               c_p.l(defsig_abrt_inner.o)
    0x08000c64   0x0000000c   Code   RO          482    .text               c_p.l(defsig_rtred_outer.o)
    0x08000c70   0x00000040   Code   RO          486    .text               c_p.l(rt_memclr.o)
    0x08000cb0   0x00000008   Code   RO          557    .text               c_p.l(libspace.o)
    0x08000cb8   0x00000008   Code   RO          566    .text               c_p.l(rt_heap_descriptor_intlibspace.o)
    0x08000cc0   0x00000004   Code   RO          568    .text               c_p.l(hguard.o)
    0x08000cc4   0x00000088   Code   RO          570    .text               c_p.l(init_alloc.o)
    0x08000d4c   0x00000062   Code   RO          576    .text               c_p.l(h1_alloc.o)
    0x08000dae   0x00000002   PAD
    0x08000db0   0x000000f4   Code   RO          592    .text               c_p.l(fseek.o)
    0x08000ea4   0x000000f0   Code   RO          594    .text               c_p.l(stdio.o)
    0x08000f94   0x00000034   Code   RO          602    .text               c_p.l(defsig_general.o)
    0x08000fc8   0x00000034   Code   RO          606    .text               c_p.l(defsig_rtred_inner.o)
    0x08000ffc   0x00000014   Code   RO          608    .text               c_p.l(assert_stdio.o)
    0x08001010   0x0000000e   Code   RO          627    .text               c_p.l(h1_init.o)
    0x0800101e   0x00000034   Code   RO          629    .text               c_p.l(h1_extend.o)
    0x08001052   0x00000002   PAD
    0x08001054   0x00000068   Code   RO          635    .text               c_p.l(fflush.o)
    0x080010bc   0x00000022   Code   RO          637    .text               c_p.l(fputs.o)
    0x080010de   0x00000042   Code   RO          639    .text               c_p.l(ftell.o)
    0x08001120   0x0000000c   Code   RO          645    .text               c_p.l(defsig_rtmem_outer.o)
    0x0800112c   0x00000008   Code   RO          665    .text               c_p.l(rt_errno_addr_intlibspace.o)
    0x08001134   0x00000050   Code   RO          671    .text               c_p.l(defsig_rtmem_inner.o)
    0x08001184   0x00000414   Code   RO            3    i.AES_encrypt       aes.o
    0x08001598   0x00000024   Code   RO          111    i.ConfigureRNG      utils.o
    0x080015bc   0x00000028   Code   RO            4    i.Display           aes.o
    0x080015e4   0x000000c8   Code   RO           86    i.SystemClock_Config  main.o
    0x080016ac   0x00000068   Code   RO          252    i.SystemInit        system_stm32l0xx.o
    0x08001714   0x0000002c   Code   RO          175    i._sys_close        retarget_io.o
    0x08001740   0x00000028   Code   RO          176    i._sys_flen         retarget_io.o
    0x08001768   0x00000028   Code   RO          177    i._sys_istty        retarget_io.o
    0x08001790   0x00000070   Code   RO          178    i._sys_open         retarget_io.o
    0x08001800   0x00000030   Code   RO          180    i._sys_seek         retarget_io.o
    0x08001830   0x00000044   Code   RO          181    i._sys_write        retarget_io.o
    0x08001874   0x0000000e   Code   RO          112    i.delayCycles       utils.o
    0x08001882   0x0000001e   Code   RO          376    i.fputc             c_p.l(fputc.o)
    0x080018a0   0x0000001c   Code   RO          113    i.getrn             utils.o
    0x080018bc   0x00000154   Code   RO           69    i.main              main.o
    0x08001a10   0x00000074   Code   RO          114    i.mystdout_init     utils.o
    0x08001a84   0x000002f4   Code   RO            5    i.private_AES_set_encrypt_key  aes.o
    0x08001d78   0x0000003a   Code   RO          116    i.rdser             utils.o
    0x08001db2   0x00000002   PAD
    0x08001db4   0x0000001c   Code   RO          117    i.stdin_getchar     utils.o
    0x08001dd0   0x0000001c   Code   RO          118    i.stdout_putchar    utils.o
    0x08001dec   0x00002128   Data   RO            6    .constdata          aes.o
    0x08003f14   0x00000017   Data   RO          182    .constdata          retarget_io.o
    0x08003f2b   0x00000001   PAD
    0x08003f2c   0x00000020   Data   RO          690    Region$$Table       anon$$obj.o


    Execution Region RW_IRAM1 (Base: 0x20000000, Size: 0x00000768, Max: 0x00002000, ABSOLUTE)

    Base Addr    Size         Type   Attr      Idx    E Section Name        Object

    0x20000000   0x00000004   Data   RW          341    .data               c_p.l(stdio_streams.o)
    0x20000004   0x00000004   Data   RW          342    .data               c_p.l(stdio_streams.o)
    0x20000008   0x00000004   Data   RW          343    .data               c_p.l(stdio_streams.o)
    0x2000000c   0x00000054   Zero   RW          338    .bss                c_p.l(stdio_streams.o)
    0x20000060   0x00000054   Zero   RW          339    .bss                c_p.l(stdio_streams.o)
    0x200000b4   0x00000054   Zero   RW          340    .bss                c_p.l(stdio_streams.o)
    0x20000108   0x00000060   Zero   RW          558    .bss                c_p.l(libspace.o)
    0x20000168   0x00000200   Zero   RW          243    HEAP                startup_stm32l053xx.o
    0x20000368   0x00000400   Zero   RW          242    STACK               startup_stm32l053xx.o


==============================================================================

Image component sizes


      Code (inc. data)   RO Data    RW Data    ZI Data      Debug   Object Name

      1840         76       8488          0          0       8514   aes.o
       540         66          0          0          0       1668   main.o
       352         50         23          0          0       5070   retarget_io.o
        56         26        192          0       1536        640   startup_stm32l053xx.o
       104         16          0          0          0        469   system_stm32l0xx.o
       308         34          0          0          0       3258   utils.o

    ----------------------------------------------------------------------
      3202        268       8736          0       1536      19619   Object Totals
         0          0         32          0          0          0   (incl. Generated)
         2          0          1          0          0          0   (incl. Padding)

    ----------------------------------------------------------------------

      Code (inc. data)   RO Data    RW Data    ZI Data      Debug   Library Member Name

         8          0          0          0          0         68   __main.o
       108          0          0          0          0         76   __printf.o
         0          0          0          0          0          0   __rtentry.o
        12          0          0          0          0          0   __rtentry2.o
         6          0          0          0          0          0   __rtentry4.o
        60          8          0          0          0          0   __scatter.o
        26          0          0          0          0          0   __scatter_copy.o
        28          0          0          0          0          0   __scatter_zi.o
        48          6          0          0          0         88   _printf_char_common.o
        40          6          0          0          0         72   _printf_char_file.o
        10          0          0          0          0          0   _printf_d.o
       108         18          0          0          0         76   _printf_dec.o
       176          0          0          0          0         84   _printf_intcommon.o
         2          0          0          0          0          0   _printf_percent.o
         4          0          0          0          0          0   _printf_percent_end.o
        20          0          0          0          0         68   abort.o
       346          0          0          0          0         92   aeabi_sdiv.o
       124         42          0          0          0         68   assert.o
        20          4          0          0          0         68   assert_stdio.o
        48         34          0          0          0         68   defsig_abrt_inner.o
        12          0          0          0          0         68   defsig_abrt_outer.o
        12          0          0          0          0         68   defsig_exit.o
        52          0          0          0          0         72   defsig_general.o
        80         58          0          0          0         68   defsig_rtmem_inner.o
        12          0          0          0          0         68   defsig_rtmem_outer.o
        52         38          0          0          0         68   defsig_rtred_inner.o
        12          0          0          0          0         68   defsig_rtred_outer.o
        16          0          0          0          0         68   exit.o
        76          4          0          0          0         76   fclose.o
         8          0          0          0          0         60   ferror.o
       104          4          0          0          0        100   fflush.o
       496         10          0          0          0         76   flsbuf.o
       232          8          0          0          0        108   fopen.o
        30          0          0          0          0         68   fputc.o
        34          0          0          0          0         72   fputs.o
       244          4          0          0          0         76   fseek.o
        66          0          0          0          0         68   ftell.o
        98          0          0          0          0         72   h1_alloc.o
        52          0          0          0          0         68   h1_extend.o
        76          0          0          0          0         72   h1_free.o
        14          0          0          0          0         76   h1_init.o
         6          0          0          0          0        136   heapauxi.o
         4          0          0          0          0        120   hguard.o
         0          0          0          0          0          0   indicate_semi.o
       136          0          0          0          0        160   init_alloc.o
       316         44          0          0          0         96   initio.o
         2          0          0          0          0          0   libinit.o
        14          0          0          0          0          0   libinit2.o
         2          0          0          0          0          0   libshutdown.o
         6          0          0          0          0          0   libshutdown2.o
         8          4          0          0         96         68   libspace.o
         0          0          0          0          0          0   maybetermalloc1.o
        90          0          0          0          0         68   memcmp.o
        28          6          0          0          0         84   noretval__2printf.o
         8          4          0          0          0         68   rt_errno_addr_intlibspace.o
         8          4          0          0          0         68   rt_heap_descriptor_intlibspace.o
        64          0          0          0          0        108   rt_memclr.o
         2          0          0          0          0          0   rtexit.o
        10          0          0          0          0          0   rtexit2.o
        40          0          0          0          0         60   rtudiv10.o
        76          4          0          0          0         72   setvbuf.o
       240          8          0          0          0        144   stdio.o
         0          0          0         12        252          0   stdio_streams.o
       136          4          0          0          0         72   strcmp.o
        12          4          0          0          0         60   sys_exit.o
        62          0          0          0          0         80   sys_stackheap_outer.o
        12          0          0          0          0         68   sys_wrch.o
         2          0          0          0          0         68   use_no_semi.o

    ----------------------------------------------------------------------
      4266        326          0         12        348       3968   Library Totals
        10          0          0          0          0          0   (incl. Padding)

    ----------------------------------------------------------------------

      Code (inc. data)   RO Data    RW Data    ZI Data      Debug   Library Name

      4256        326          0         12        348       3968   c_p.l

    ----------------------------------------------------------------------
      4266        326          0         12        348       3968   Library Totals

    ----------------------------------------------------------------------

==============================================================================


      Code (inc. data)   RO Data    RW Data    ZI Data      Debug   

      7468        594       8736         12       1884      20831   Grand Totals
      7468        594       8736         12       1884      20831   ELF Image Totals
      7468        594       8736         12          0          0   ROM Totals

==============================================================================

    Total RO  Size (Code + RO Data)                16204 (  15.82kB)
    Total RW  Size (RW Data + ZI Data)              1896 (   1.85kB)
    Total ROM Size (Code + RO Data + RW Data)      16216 (  15.84kB)

==============================================================================

